Archive member included to satisfy reference by file (symbol)

../Middlewares/ST/ARM/DSP/Lib/libarm_cortexM4lf_math.a(arm_const_structs.o)
                              CMakeFiles/templateDevelopment.elf.dir/myApplcation/MyFFT.cpp.obj (arm_cfft_sR_f32_len1024)
../Middlewares/ST/ARM/DSP/Lib/libarm_cortexM4lf_math.a(arm_common_tables.o)
                              ../Middlewares/ST/ARM/DSP/Lib/libarm_cortexM4lf_math.a(arm_const_structs.o) (twiddleCoef_rfft_4096)
../Middlewares/ST/ARM/DSP/Lib/libarm_cortexM4lf_math.a(arm_max_f32.o)
                              CMakeFiles/templateDevelopment.elf.dir/myApplcation/MyFFT.cpp.obj (arm_max_f32)
../Middlewares/ST/ARM/DSP/Lib/libarm_cortexM4lf_math.a(arm_cfft_f32.o)
                              CMakeFiles/templateDevelopment.elf.dir/myApplcation/MyFFT.cpp.obj (arm_cfft_f32)
../Middlewares/ST/ARM/DSP/Lib/libarm_cortexM4lf_math.a(arm_rfft_init_q31.o)
                              ../Middlewares/ST/ARM/DSP/Lib/libarm_cortexM4lf_math.a(arm_const_structs.o) (realCoefBQ31)
../Middlewares/ST/ARM/DSP/Lib/libarm_cortexM4lf_math.a(arm_rfft_init_q15.o)
                              ../Middlewares/ST/ARM/DSP/Lib/libarm_cortexM4lf_math.a(arm_const_structs.o) (realCoefBQ15)
../Middlewares/ST/ARM/DSP/Lib/libarm_cortexM4lf_math.a(arm_cmplx_mag_f32.o)
                              CMakeFiles/templateDevelopment.elf.dir/myApplcation/MyFFT.cpp.obj (arm_cmplx_mag_f32)
../Middlewares/ST/ARM/DSP/Lib/libarm_cortexM4lf_math.a(arm_bitreversal2.o)
                              ../Middlewares/ST/ARM/DSP/Lib/libarm_cortexM4lf_math.a(arm_cfft_f32.o) (arm_bitreversal_32)
../Middlewares/ST/ARM/DSP/Lib/libarm_cortexM4lf_math.a(arm_cfft_radix8_f32.o)
                              ../Middlewares/ST/ARM/DSP/Lib/libarm_cortexM4lf_math.a(arm_cfft_f32.o) (arm_radix8_butterfly_f32)
d:/programfiles/gnu arm embedded toolchain/10 2021.10/bin/../lib/gcc/arm-none-eabi/10.3.1/../../../../arm-none-eabi/lib/thumb/v7e-m+fp/hard\libstdc++.a(atexit_arm.o)
                              CMakeFiles/templateDevelopment.elf.dir/myApplcation/MyLCD.cpp.obj (__aeabi_atexit)
d:/programfiles/gnu arm embedded toolchain/10 2021.10/bin/../lib/gcc/arm-none-eabi/10.3.1/../../../../arm-none-eabi/lib/thumb/v7e-m+fp/hard\libstdc++.a(eh_arm.o)
                              CMakeFiles/templateDevelopment.elf.dir/myApplcation/MyKey.cpp.obj (__cxa_end_cleanup)
d:/programfiles/gnu arm embedded toolchain/10 2021.10/bin/../lib/gcc/arm-none-eabi/10.3.1/../../../../arm-none-eabi/lib/thumb/v7e-m+fp/hard\libstdc++.a(eh_exception.o)
                              d:/programfiles/gnu arm embedded toolchain/10 2021.10/bin/../lib/gcc/arm-none-eabi/10.3.1/../../../../arm-none-eabi/lib/thumb/v7e-m+fp/hard\libstdc++.a(eh_arm.o) (typeinfo for __cxxabiv1::__forced_unwind)
d:/programfiles/gnu arm embedded toolchain/10 2021.10/bin/../lib/gcc/arm-none-eabi/10.3.1/../../../../arm-none-eabi/lib/thumb/v7e-m+fp/hard\libstdc++.a(eh_globals.o)
                              d:/programfiles/gnu arm embedded toolchain/10 2021.10/bin/../lib/gcc/arm-none-eabi/10.3.1/../../../../arm-none-eabi/lib/thumb/v7e-m+fp/hard\libstdc++.a(eh_arm.o) (__cxa_get_globals)
d:/programfiles/gnu arm embedded toolchain/10 2021.10/bin/../lib/gcc/arm-none-eabi/10.3.1/../../../../arm-none-eabi/lib/thumb/v7e-m+fp/hard\libstdc++.a(eh_personality.o)
                              CMakeFiles/templateDevelopment.elf.dir/myApplcation/MyKey.cpp.obj (__gxx_personality_v0)
d:/programfiles/gnu arm embedded toolchain/10 2021.10/bin/../lib/gcc/arm-none-eabi/10.3.1/../../../../arm-none-eabi/lib/thumb/v7e-m+fp/hard\libstdc++.a(eh_terminate.o)
                              d:/programfiles/gnu arm embedded toolchain/10 2021.10/bin/../lib/gcc/arm-none-eabi/10.3.1/../../../../arm-none-eabi/lib/thumb/v7e-m+fp/hard\libstdc++.a(eh_arm.o) (std::terminate())
d:/programfiles/gnu arm embedded toolchain/10 2021.10/bin/../lib/gcc/arm-none-eabi/10.3.1/../../../../arm-none-eabi/lib/thumb/v7e-m+fp/hard\libstdc++.a(eh_unex_handler.o)
                              d:/programfiles/gnu arm embedded toolchain/10 2021.10/bin/../lib/gcc/arm-none-eabi/10.3.1/../../../../arm-none-eabi/lib/thumb/v7e-m+fp/hard\libstdc++.a(eh_terminate.o) (__cxxabiv1::__unexpected_handler)
d:/programfiles/gnu arm embedded toolchain/10 2021.10/bin/../lib/gcc/arm-none-eabi/10.3.1/../../../../arm-none-eabi/lib/thumb/v7e-m+fp/hard\libstdc++.a(pure.o)
                              d:/programfiles/gnu arm embedded toolchain/10 2021.10/bin/../lib/gcc/arm-none-eabi/10.3.1/../../../../arm-none-eabi/lib/thumb/v7e-m+fp/hard\libstdc++.a(eh_exception.o) (__cxa_pure_virtual)
d:/programfiles/gnu arm embedded toolchain/10 2021.10/bin/../lib/gcc/arm-none-eabi/10.3.1/../../../../arm-none-eabi/lib/thumb/v7e-m+fp/hard\libstdc++.a(si_class_type_info.o)
[...]
Memory Configuration

Name             Origin             Length             Attributes
CCMRAM           0x10000000         0x00010000         xrw
RAM              0x20000000         0x00020000         xrw
FLASH            0x08000000         0x00100000         xr
*default*        0x00000000         0xffffffff

Linker script and memory map

LOAD d:/programfiles/gnu arm embedded toolchain/10 2021.10/bin/../lib/gcc/arm-none-eabi/10.3.1/thumb/v7e-m+fp/hard/crti.o
LOAD d:/programfiles/gnu arm embedded toolchain/10 2021.10/bin/../lib/gcc/arm-none-eabi/10.3.1/thumb/v7e-m+fp/hard/crtbegin.o
LOAD d:/programfiles/gnu arm embedded toolchain/10 2021.10/bin/../lib/gcc/arm-none-eabi/10.3.1/../../../../arm-none-eabi/lib/thumb/v7e-m+fp/hard/crt0.o
LOAD CMakeFiles/templateDevelopment.elf.dir/BSP/24cxx.c.obj
LOAD CMakeFiles/templateDevelopment.elf.dir/BSP/ctiic.c.obj
LOAD CMakeFiles/templateDevelopment.elf.dir/BSP/delay.c.obj
LOAD CMakeFiles/templateDevelopment.elf.dir/BSP/ft5206.c.obj
LOAD CMakeFiles/templateDevelopment.elf.dir/BSP/gt9xxx.c.obj
LOAD CMakeFiles/templateDevelopment.elf.dir/BSP/myiic.c.obj
LOAD CMakeFiles/templateDevelopment.elf.dir/BSP/sys.c.obj
LOAD CMakeFiles/templateDevelopment.elf.dir/BSP/touch.c.obj
LOAD CMakeFiles/templateDevelopment.elf.dir/Core/Src/adc.c.obj
LOAD CMakeFiles/templateDevelopment.elf.dir/Core/Src/dac.c.obj
LOAD CMakeFiles/templateDevelopment.elf.dir/Core/Src/dma.c.obj
LOAD CMakeFiles/templateDevelopment.elf.dir/Core/Src/fsmc.c.obj
LOAD CMakeFiles/templateDevelopment.elf.dir/Core/Src/gpio.c.obj
LOAD CMakeFiles/templateDevelopment.elf.dir/Core/Src/main.c.obj
LOAD CMakeFiles/templateDevelopment.elf.dir/Core/Src/stm32f4xx_hal_msp.c.obj
LOAD CMakeFiles/templateDevelopment.elf.dir/Core/Src/stm32f4xx_it.c.obj
LOAD CMakeFiles/templateDevelopment.elf.dir/Core/Src/syscalls.c.obj
LOAD CMakeFiles/templateDevelopment.elf.dir/Core/Src/sysmem.c.obj
LOAD CMakeFiles/templateDevelopment.elf.dir/Core/Src/system_stm32f4xx.c.obj
LOAD CMakeFiles/templateDevelopment.elf.dir/Core/Src/tim.c.obj
LOAD CMakeFiles/templateDevelopment.elf.dir/Core/Src/usart.c.obj
LOAD CMakeFiles/templateDevelopment.elf.dir/Core/Startup/startup_stm32f407zgtx.s.obj
LOAD CMakeFiles/templateDevelopment.elf.dir/Drivers/STM32F4xx_HAL_Driver/Src/stm32f4xx_hal.c.obj
LOAD CMakeFiles/templateDevelopment.elf.dir/Drivers/STM32F4xx_HAL_Driver/Src/stm32f4xx_hal_adc.c.obj
LOAD CMakeFiles/templateDevelopment.elf.dir/Drivers/STM32F4xx_HAL_Driver/Src/stm32f4xx_hal_adc_ex.c.obj
LOAD CMakeFiles/templateDevelopment.elf.dir/Drivers/STM32F4xx_HAL_Driver/Src/stm32f4xx_hal_cortex.c.obj
LOAD CMakeFiles/templateDevelopment.elf.dir/Drivers/STM32F4xx_HAL_Driver/Src/stm32f4xx_hal_dac.c.obj
LOAD CMakeFiles/templateDevelopment.elf.dir/Drivers/STM32F4xx_HAL_Driver/Src/stm32f4xx_hal_dac_ex.c.obj
LOAD CMakeFiles/templateDevelopment.elf.dir/Drivers/STM32F4xx_HAL_Driver/Src/stm32f4xx_hal_dma.c.obj
LOAD CMakeFiles/templateDevelopment.elf.dir/Drivers/STM32F4xx_HAL_Driver/Src/stm32f4xx_hal_dma_ex.c.obj
LOAD CMakeFiles/templateDevelopment.elf.dir/Drivers/STM32F4xx_HAL_Driver/Src/stm32f4xx_hal_exti.c.obj
LOAD CMakeFiles/templateDevelopment.elf.dir/Drivers/STM32F4xx_HAL_Driver/Src/stm32f4xx_hal_flash.c.obj
LOAD CMakeFiles/templateDevelopment.elf.dir/Drivers/STM32F4xx_HAL_Driver/Src/stm32f4xx_hal_flash_ex.c.obj
LOAD CMakeFiles/templateDevelopment.elf.dir/Drivers/STM32F4xx_HAL_Driver/Src/stm32f4xx_hal_flash_ramfunc.c.obj
LOAD CMakeFiles/templateDevelopment.elf.dir/Drivers/STM32F4xx_HAL_Driver/Src/stm32f4xx_hal_gpio.c.obj
LOAD CMakeFiles/templateDevelopment.elf.dir/Drivers/STM32F4xx_HAL_Driver/Src/stm32f4xx_hal_pwr.c.obj
LOAD CMakeFiles/templateDevelopment.elf.dir/Drivers/STM32F4xx_HAL_Driver/Src/stm32f4xx_hal_pwr_ex.c.obj
LOAD CMakeFiles/templateDevelopment.elf.dir/Drivers/STM32F4xx_HAL_Driver/Src/stm32f4xx_hal_rcc.c.obj
LOAD CMakeFiles/templateDevelopment.elf.dir/Drivers/STM32F4xx_HAL_Driver/Src/stm32f4xx_hal_rcc_ex.c.obj
LOAD CMakeFiles/templateDevelopment.elf.dir/Drivers/STM32F4xx_HAL_Driver/Src/stm32f4xx_hal_sram.c.obj
LOAD CMakeFiles/templateDevelopment.elf.dir/Drivers/STM32F4xx_HAL_Driver/Src/stm32f4xx_hal_tim.c.obj
LOAD CMakeFiles/templateDevelopment.elf.dir/Drivers/STM32F4xx_HAL_Driver/Src/stm32f4xx_hal_tim_ex.c.obj
LOAD CMakeFiles/templateDevelopment.elf.dir/Drivers/STM32F4xx_HAL_Driver/Src/stm32f4xx_hal_uart.c.obj
LOAD CMakeFiles/templateDevelopment.elf.dir/Drivers/STM32F4xx_HAL_Driver/Src/stm32f4xx_ll_adc.c.obj
LOAD CMakeFiles/templateDevelopment.elf.dir/Drivers/STM32F4xx_HAL_Driver/Src/stm32f4xx_ll_fsmc.c.obj
LOAD CMakeFiles/templateDevelopment.elf.dir/LCD/lcd.c.obj
LOAD CMakeFiles/templateDevelopment.elf.dir/myApplcation/LED.cpp.obj
LOAD CMakeFiles/templateDevelopment.elf.dir/myApplcation/MyADC_cpp.cpp.obj
LOAD CMakeFiles/templateDevelopment.elf.dir/myApplcation/MyDAC.cpp.obj
LOAD CMakeFiles/templateDevelopment.elf.dir/myApplcation/MyFFT.cpp.obj
LOAD CMakeFiles/templateDevelopment.elf.dir/myApplcation/MyKey.cpp.obj
LOAD CMakeFiles/templateDevelopment.elf.dir/myApplcation/MyLCD.cpp.obj
LOAD CMakeFiles/templateDevelopment.elf.dir/myApplcation/MyUsart.cpp.obj
LOAD CMakeFiles/templateDevelopment.elf.dir/myApplcation/Mymain.cpp.obj
LOAD CMakeFiles/templateDevelopment.elf.dir/myApplcation/myAdc.c.obj
LOAD CMakeFiles/templateDevelopment.elf.dir/myApplcation/seriall_Port.c.obj
LOAD ../Middlewares/ST/ARM/DSP/Lib/libarm_cortexM4lf_math.a
LOAD d:/programfiles/gnu arm embedded toolchain/10 2021.10/bin/../lib/gcc/arm-none-eabi/10.3.1/../../../../arm-none-eabi/lib/thumb/v7e-m+fp/hard\libstdc++.a
LOAD d:/programfiles/gnu arm embedded toolchain/10 2021.10/bin/../lib/gcc/arm-none-eabi/10.3.1/../../../../arm-none-eabi/lib/thumb/v7e-m+fp/hard\libm.a
START GROUP
LOAD d:/programfiles/gnu arm embedded toolchain/10 2021.10/bin/../lib/gcc/arm-none-eabi/10.3.1/thumb/v7e-m+fp/hard\libgcc.a
LOAD d:/programfiles/gnu arm embedded toolchain/10 2021.10/bin/../lib/gcc/arm-none-eabi/10.3.1/../../../../arm-none-eabi/lib/thumb/v7e-m+fp/hard\libg.a
LOAD d:/programfiles/gnu arm embedded toolchain/10 2021.10/bin/../lib/gcc/arm-none-eabi/10.3.1/../../../../arm-none-eabi/lib/thumb/v7e-m+fp/hard\libc.a
END GROUP
LOAD d:/programfiles/gnu arm embedded toolchain/10 2021.10/bin/../lib/gcc/arm-none-eabi/10.3.1/thumb/v7e-m+fp/hard/crtend.o
LOAD d:/programfiles/gnu arm embedded toolchain/10 2021.10/bin/../lib/gcc/arm-none-eabi/10.3.1/thumb/v7e-m+fp/hard/crtn.o
                0x20020000                _estack = (ORIGIN (RAM) + LENGTH (RAM))
                0x00000200                _Min_Heap_Size = 0x200
                0x00000400                _Min_Stack_Size = 0x400

.isr_vector     0x08000000      0x188
                0x08000000                . = ALIGN (0x4)
 *(.isr_vector)
 .isr_vector    0x08000000      0x188 CMakeFiles/templateDevelopment.elf.dir/Core/Startup/startup_stm32f407zgtx.s.obj
                0x08000000                g_pfnVectors
                0x08000188                . = ALIGN (0x4)

.text           0x080001c0    0x17c38
                0x080001c0                . = ALIGN (0x4)
 *(.text)
 .text          0x080001c0       0x40 d:/programfiles/gnu arm embedded toolchain/10 2021.10/bin/../lib/gcc/arm-none-eabi/10.3.1/thumb/v7e-m+fp/hard/crtbegin.o
 .text          0x08000200       0xc0 ../Middlewares/ST/ARM/DSP/Lib/libarm_cortexM4lf_math.a(arm_bitreversal2.o)
                0x08000200                arm_bitreversal_32
                0x0800026a                arm_bitreversal_16
 .text          0x080002c0     0x5ee4 d:/programfiles/gnu arm embedded toolchain/10 2021.10/bin/../lib/gcc/arm-none-eabi/10.3.1/../../../../arm-none-eabi/lib/thumb/v7e-m+fp/hard\libstdc++.a(cp-demangle.o)
                0x080060bc                __cxa_demangle
                0x08006180                __gcclibcxx_demangle_callback
 .text          0x080061a4      0x378 d:/programfiles/gnu arm embedded toolchain/10 2021.10/bin/../lib/gcc/arm-none-eabi/10.3.1/thumb/v7e-m+fp/hard\libgcc.a(_arm_addsubdf3.o)
                0x080061a4                __aeabi_drsub
                0x080061ac                __aeabi_dsub
                0x080061ac                __subdf3
                0x080061b0                __aeabi_dadd
                0x080061b0                __adddf3
                0x08006428                __floatunsidf
                0x08006428                __aeabi_ui2d
                0x08006448                __floatsidf
                0x08006448                __aeabi_i2d
                0x0800646c                __aeabi_f2d
                0x0800646c                __extendsfdf2
                0x080064b0                __floatundidf
                0x080064b0                __aeabi_ul2d
                0x080064c0                __floatdidf
                0x080064c0                __aeabi_l2d
 .text          0x0800651c      0x424 d:/programfiles/gnu arm embedded toolchain/10 2021.10/bin/../lib/gcc/arm-none-eabi/10.3.1/thumb/v7e-m+fp/hard\libgcc.a(_arm_muldivdf3.o)
                0x0800651c                __aeabi_dmul
                0x0800651c                __muldf3
                0x08006770                __divdf3
                0x08006770                __aeabi_ddiv
 .text          0x08006940      0x110 d:/programfiles/gnu arm embedded toolchain/10 2021.10/bin/../lib/gcc/arm-none-eabi/10.3.1/thumb/v7e-m+fp/hard\libgcc.a(_arm_cmpdf2.o)
                0x08006940                __gtdf2
                0x08006940                __gedf2
                0x08006948                __ltdf2
                0x08006948                __ledf2
                0x08006950                __nedf2
                0x08006950                __eqdf2
                0x08006950                __cmpdf2
                0x080069cc                __aeabi_cdrcmple
                0x080069dc                __aeabi_cdcmpeq
                0x080069dc                __aeabi_cdcmple
                0x080069ec                __aeabi_dcmpeq
                0x08006a00                __aeabi_dcmplt
                0x08006a14                __aeabi_dcmple
                0x08006a28                __aeabi_dcmpge
                0x08006a3c                __aeabi_dcmpgt
 .text          0x08006a50       0x40 d:/programfiles/gnu arm embedded toolchain/10 2021.10/bin/../lib/gcc/arm-none-eabi/10.3.1/thumb/v7e-m+fp/hard\libgcc.a(_arm_fixunsdfsi.o)
                0x08006a50                __aeabi_d2uiz
                0x08006a50                __fixunsdfsi
 .text          0x08006a90       0xa0 d:/programfiles/gnu arm embedded toolchain/10 2021.10/bin/../lib/gcc/arm-none-eabi/10.3.1/thumb/v7e-m+fp/hard\libgcc.a(_arm_truncdfsf2.o)
                0x08006a90                __truncdfsf2
                0x08006a90                __aeabi_d2f
 .text          0x08006b30       0x30 d:/programfiles/gnu arm embedded toolchain/10 2021.10/bin/../lib/gcc/arm-none-eabi/10.3.1/thumb/v7e-m+fp/hard\libgcc.a(_aeabi_uldivmod.o)
                0x08006b30                __aeabi_uldivmod
 .text          0x08006b60      0x2d0 d:/programfiles/gnu arm embedded toolchain/10 2021.10/bin/../lib/gcc/arm-none-eabi/10.3.1/thumb/v7e-m+fp/hard\libgcc.a(_udivmoddi4.o)
                0x08006b60                __udivmoddi4
 .text          0x08006e30      0x9d8 d:/programfiles/gnu arm embedded toolchain/10 2021.10/bin/../lib/gcc/arm-none-eabi/10.3.1/thumb/v7e-m+fp/hard\libgcc.a(unwind-arm.o)
                0x080070d8                _Unwind_GetCFA
                0x080070dc                __gnu_Unwind_RaiseException
                0x08007144                __gnu_Unwind_ForcedUnwind
                0x08007154                __gnu_Unwind_Resume
                0x08007198                __gnu_Unwind_Resume_or_Rethrow
                0x080071a8                _Unwind_Complete
                0x080071ac                _Unwind_DeleteException
                0x080071b8                _Unwind_VRS_Get
                0x08007204                _Unwind_VRS_Set
                0x0800724c                __gnu_Unwind_Backtrace
                0x08007578                __aeabi_unwind_cpp_pr0
                0x0800757c                __aeabi_unwind_cpp_pr1
                0x08007580                __aeabi_unwind_cpp_pr2
                0x08007584                _Unwind_VRS_Pop
 .text          0x08007808      0x1ac d:/programfiles/gnu arm embedded toolchain/10 2021.10/bin/../lib/gcc/arm-none-eabi/10.3.1/thumb/v7e-m+fp/hard\libgcc.a(libunwind.o)
                0x08007808                __restore_core_regs
                0x08007808                restore_core_regs
                0x08007820                __gnu_Unwind_Restore_VFP
                0x08007828                __gnu_Unwind_Save_VFP
                0x08007830                __gnu_Unwind_Restore_VFP_D
                0x08007838                __gnu_Unwind_Save_VFP_D
                0x08007840                __gnu_Unwind_Restore_VFP_D_16_to_31
                0x08007848                __gnu_Unwind_Save_VFP_D_16_to_31
                0x08007850                __gnu_Unwind_Restore_WMMXD
                0x08007894                __gnu_Unwind_Save_WMMXD
                0x080078d8                __gnu_Unwind_Restore_WMMXC
                0x080078ec                __gnu_Unwind_Save_WMMXC
                0x08007900                ___Unwind_RaiseException
                0x08007900                _Unwind_RaiseException
                0x08007924                _Unwind_Resume
                0x08007924                ___Unwind_Resume
                0x08007948                _Unwind_Resume_or_Rethrow
                0x08007948                ___Unwind_Resume_or_Rethrow
                0x0800796c                _Unwind_ForcedUnwind
                0x0800796c                ___Unwind_ForcedUnwind
                0x08007990                ___Unwind_Backtrace
                0x08007990                _Unwind_Backtrace
 .text          0x080079b4      0x350 d:/programfiles/gnu arm embedded toolchain/10 2021.10/bin/../lib/gcc/arm-none-eabi/10.3.1/thumb/v7e-m+fp/hard\libgcc.a(pr-support.o)
                0x08007a0c                __gnu_unwind_execute
                0x08007cb8                __gnu_unwind_frame
                0x08007ce4                _Unwind_GetRegionStart
                0x08007cf0                _Unwind_GetLanguageSpecificData
 .text          0x08007d04        0x4 d:/programfiles/gnu arm embedded toolchain/10 2021.10/bin/../lib/gcc/arm-none-eabi/10.3.1/thumb/v7e-m+fp/hard\libgcc.a(_dvmd_tls.o)
                0x08007d04                __aeabi_idiv0
                0x08007d04                __aeabi_ldiv0
 *fill*         0x08007d08        0x8 
 .text          0x08007d10       0xa0 d:/programfiles/gnu arm embedded toolchain/10 2021.10/bin/../lib/gcc/arm-none-eabi/10.3.1/../../../../arm-none-eabi/lib/thumb/v7e-m+fp/hard\libg.a(lib_a-memchr.o)
                0x08007d10                memchr
 .text          0x08007db0      0x134 d:/programfiles/gnu arm embedded toolchain/10 2021.10/bin/../lib/gcc/arm-none-eabi/10.3.1/../../../../arm-none-eabi/lib/thumb/v7e-m+fp/hard\libg.a(lib_a-memcpy.o)
                0x08007db0                memcpy
 *fill*         0x08007ee4       0x1c 
 .text          0x08007f00      0x2dc d:/programfiles/gnu arm embedded toolchain/10 2021.10/bin/../lib/gcc/arm-none-eabi/10.3.1/../../../../arm-none-eabi/lib/thumb/v7e-m+fp/hard\libg.a(lib_a-strcmp.o)
                0x08007f08                strcmp
 *fill*         0x080081dc       0x24 
 .text          0x08008200       0xdc d:/programfiles/gnu arm embedded toolchain/10 2021.10/bin/../lib/gcc/arm-none-eabi/10.3.1/../../../../arm-none-eabi/lib/thumb/v7e-m+fp/hard\libg.a(lib_a-strlen.o)
                0x08008200                strlen
 .text          0x080082dc       0x2c d:/programfiles/gnu arm embedded toolchain/10 2021.10/bin/../lib/gcc/arm-none-eabi/10.3.1/thumb/v7e-m+fp/hard\libgcc.a(_arm_unorddf2.o)
                0x080082dc                __unorddf2
                0x080082dc                __aeabi_dcmpun
 .text          0x08008308       0x50 d:/programfiles/gnu arm embedded toolchain/10 2021.10/bin/../lib/gcc/arm-none-eabi/10.3.1/thumb/v7e-m+fp/hard\libgcc.a(_arm_fixdfsi.o)
                0x08008308                __aeabi_d2iz
                0x08008308                __fixdfsi
 *(.text*)
 .text.at24cxx_init
                0x08008358        0x8 CMakeFiles/templateDevelopment.elf.dir/BSP/24cxx.c.obj
                0x08008358                at24cxx_init
 .text.at24cxx_read_one_byte
                0x08008360       0x44 CMakeFiles/templateDevelopment.elf.dir/BSP/24cxx.c.obj
                0x08008360                at24cxx_read_one_byte
 .text.at24cxx_write_one_byte
                0x080083a4       0x3e CMakeFiles/templateDevelopment.elf.dir/BSP/24cxx.c.obj
                0x080083a4                at24cxx_write_one_byte
 .text.at24cxx_read
                0x080083e2       0x20 CMakeFiles/templateDevelopment.elf.dir/BSP/24cxx.c.obj
                0x080083e2                at24cxx_read
 .text.at24cxx_write
                0x08008402       0x22 CMakeFiles/templateDevelopment.elf.dir/BSP/24cxx.c.obj
                0x08008402                at24cxx_write
 .text.ct_iic_delay
                0x08008424        0xa CMakeFiles/templateDevelopment.elf.dir/BSP/ctiic.c.obj
 *fill*         0x0800842e        0x2 
 .text.ct_iic_start
                0x08008430       0x48 CMakeFiles/templateDevelopment.elf.dir/BSP/ctiic.c.obj
                0x08008430                ct_iic_start
 .text.ct_iic_stop
                0x08008478       0x3c CMakeFiles/templateDevelopment.elf.dir/BSP/ctiic.c.obj
                0x08008478                ct_iic_stop
 .text.ct_iic_init
                0x080084b4       0x6c CMakeFiles/templateDevelopment.elf.dir/BSP/ctiic.c.obj
                0x080084b4                ct_iic_init
 .text.ct_iic_wait_ack
                0x08008520       0x60 CMakeFiles/templateDevelopment.elf.dir/BSP/ctiic.c.obj
                0x08008520                ct_iic_wait_ack
 .text.ct_iic_ack
                0x08008580       0x4c CMakeFiles/templateDevelopment.elf.dir/BSP/ctiic.c.obj
                0x08008580                ct_iic_ack
 .text.ct_iic_nack
                0x080085cc       0x3c CMakeFiles/templateDevelopment.elf.dir/BSP/ctiic.c.obj
                0x080085cc                ct_iic_nack
 .text.ct_iic_send_byte
                0x08008608       0x68 CMakeFiles/templateDevelopment.elf.dir/BSP/ctiic.c.obj
                0x08008608                ct_iic_send_byte
 .text.ct_iic_read_byte
                0x08008670       0x60 CMakeFiles/templateDevelopment.elf.dir/BSP/ctiic.c.obj
                0x08008670                ct_iic_read_byte
 .text.delay_us
                0x080086d0        0xe CMakeFiles/templateDevelopment.elf.dir/BSP/delay.c.obj
                0x080086d0                delay_us
 .text.delay_ms
                0x080086de        0x8 CMakeFiles/templateDevelopment.elf.dir/BSP/delay.c.obj
                0x080086de                delay_ms
 .text.ft5206_wr_reg
                0x080086e6       0x46 CMakeFiles/templateDevelopment.elf.dir/BSP/ft5206.c.obj
                0x080086e6                ft5206_wr_reg
 .text.ft5206_rd_reg
                0x0800872c       0x4e CMakeFiles/templateDevelopment.elf.dir/BSP/ft5206.c.obj
                0x0800872c                ft5206_rd_reg
 *fill*         0x0800877a        0x2 
 .text.ft5206_init
                0x0800877c      0x10c CMakeFiles/templateDevelopment.elf.dir/BSP/ft5206.c.obj
                0x0800877c                ft5206_init
 .text.ft5206_scan
                0x08008888      0x198 CMakeFiles/templateDevelopment.elf.dir/BSP/ft5206.c.obj
                0x08008888                ft5206_scan
 .text.gt9xxx_wr_reg
                0x08008a20       0x50 CMakeFiles/templateDevelopment.elf.dir/BSP/gt9xxx.c.obj
                0x08008a20                gt9xxx_wr_reg
 .text.gt9xxx_rd_reg
                0x08008a70       0x58 CMakeFiles/templateDevelopment.elf.dir/BSP/gt9xxx.c.obj
                0x08008a70                gt9xxx_rd_reg
 .text.gt9xxx_init
                0x08008ac8      0x10c CMakeFiles/templateDevelopment.elf.dir/BSP/gt9xxx.c.obj
                0x08008ac8                gt9xxx_init
 .text.gt9xxx_scan
                0x08008bd4      0x318 CMakeFiles/templateDevelopment.elf.dir/BSP/gt9xxx.c.obj
                0x08008bd4                gt9xxx_scan
 .text.iic_delay
                0x08008eec        0xa CMakeFiles/templateDevelopment.elf.dir/BSP/myiic.c.obj
 *fill*         0x08008ef6        0x2 
 .text.iic_start
                0x08008ef8       0x48 CMakeFiles/templateDevelopment.elf.dir/BSP/myiic.c.obj
                0x08008ef8                iic_start
 .text.iic_stop
                0x08008f40       0x3c CMakeFiles/templateDevelopment.elf.dir/BSP/myiic.c.obj
                0x08008f40                iic_stop
 .text.iic_init
                0x08008f7c       0x6c CMakeFiles/templateDevelopment.elf.dir/BSP/myiic.c.obj
                0x08008f7c                iic_init
 .text.iic_wait_ack
                0x08008fe8       0x5c CMakeFiles/templateDevelopment.elf.dir/BSP/myiic.c.obj
                0x08008fe8                iic_wait_ack
 .text.iic_ack  0x08009044       0x4c CMakeFiles/templateDevelopment.elf.dir/BSP/myiic.c.obj
                0x08009044                iic_ack
 .text.iic_nack
                0x08009090       0x3c CMakeFiles/templateDevelopment.elf.dir/BSP/myiic.c.obj
                0x08009090                iic_nack
 .text.iic_send_byte
                0x080090cc       0x68 CMakeFiles/templateDevelopment.elf.dir/BSP/myiic.c.obj
                0x080090cc                iic_send_byte
 .text.iic_read_byte
                0x08009134       0x60 CMakeFiles/templateDevelopment.elf.dir/BSP/myiic.c.obj
                0x08009134                iic_read_byte
 .text.tp_write_byte
                0x08009194       0x5c CMakeFiles/templateDevelopment.elf.dir/BSP/touch.c.obj
 .text.tp_read_ad
                0x080091f0       0xbc CMakeFiles/templateDevelopment.elf.dir/BSP/touch.c.obj
 .text.tp_read_xoy
                0x080092ac       0x98 CMakeFiles/templateDevelopment.elf.dir/BSP/touch.c.obj
 .text.tp_read_xy
                0x08009344       0x40 CMakeFiles/templateDevelopment.elf.dir/BSP/touch.c.obj
 .text.tp_read_xy2
                0x08009384       0x84 CMakeFiles/templateDevelopment.elf.dir/BSP/touch.c.obj
 .text.tp_scan  0x08009408       0xf0 CMakeFiles/templateDevelopment.elf.dir/BSP/touch.c.obj
 .text.tp_draw_touch_point
                0x080094f8       0x8a CMakeFiles/templateDevelopment.elf.dir/BSP/touch.c.obj
 *fill*         0x08009582        0x2 
 .text.tp_adjust_info_show
                0x08009584      0x108 CMakeFiles/templateDevelopment.elf.dir/BSP/touch.c.obj
 .text.tp_save_adjust_data
                0x0800968c       0x1c CMakeFiles/templateDevelopment.elf.dir/BSP/touch.c.obj
                0x0800968c                tp_save_adjust_data
 .text.tp_get_adjust_data
                0x080096a8       0x24 CMakeFiles/templateDevelopment.elf.dir/BSP/touch.c.obj
                0x080096a8                tp_get_adjust_data
 *fill*         0x080096cc        0x4 
 .text.tp_adjust
                0x080096d0      0x368 CMakeFiles/templateDevelopment.elf.dir/BSP/touch.c.obj
                0x080096d0                tp_adjust
 .text.tp_init  0x08009a38      0x18c CMakeFiles/templateDevelopment.elf.dir/BSP/touch.c.obj
                0x08009a38                tp_init
 .text.MX_ADC1_Init
                0x08009bc4       0x70 CMakeFiles/templateDevelopment.elf.dir/Core/Src/adc.c.obj
                0x08009bc4                MX_ADC1_Init
 .text.HAL_ADC_MspInit
                0x08009c34       0xbc CMakeFiles/templateDevelopment.elf.dir/Core/Src/adc.c.obj
                0x08009c34                HAL_ADC_MspInit
 .text.MX_DAC_Init
                0x08009cf0       0x40 CMakeFiles/templateDevelopment.elf.dir/Core/Src/dac.c.obj
                0x08009cf0                MX_DAC_Init
 .text.HAL_DAC_MspInit
                0x08009d30       0x68 CMakeFiles/templateDevelopment.elf.dir/Core/Src/dac.c.obj
                0x08009d30                HAL_DAC_MspInit
 .text.MX_DMA_Init
                0x08009d98       0x54 CMakeFiles/templateDevelopment.elf.dir/Core/Src/dma.c.obj
                0x08009d98                MX_DMA_Init
 .text.HAL_FSMC_MspInit
                0x08009dec       0xb4 CMakeFiles/templateDevelopment.elf.dir/Core/Src/fsmc.c.obj
 .text.MX_FSMC_Init
                0x08009ea0       0x90 CMakeFiles/templateDevelopment.elf.dir/Core/Src/fsmc.c.obj
                0x08009ea0                MX_FSMC_Init
 .text.HAL_SRAM_MspInit
                0x08009f30        0x8 CMakeFiles/templateDevelopment.elf.dir/Core/Src/fsmc.c.obj
                0x08009f30                HAL_SRAM_MspInit
 .text.MX_GPIO_Init
                0x08009f38      0x10c CMakeFiles/templateDevelopment.elf.dir/Core/Src/gpio.c.obj
                0x08009f38                MX_GPIO_Init
 .text.HAL_UART_RxCpltCallback
                0x0800a044        0x2 CMakeFiles/templateDevelopment.elf.dir/Core/Src/main.c.obj
                0x0800a044                HAL_UART_RxCpltCallback
 .text.Error_Handler
                0x0800a046        0x4 CMakeFiles/templateDevelopment.elf.dir/Core/Src/main.c.obj
                0x0800a046                Error_Handler
 *fill*         0x0800a04a        0x2 
 .text.SystemClock_Config
                0x0800a04c       0x88 CMakeFiles/templateDevelopment.elf.dir/Core/Src/main.c.obj
                0x0800a04c                SystemClock_Config
 .text.main     0x0800a0d4       0x64 CMakeFiles/templateDevelopment.elf.dir/Core/Src/main.c.obj
                0x0800a0d4                main
 .text.HAL_MspInit
                0x0800a138       0x38 CMakeFiles/templateDevelopment.elf.dir/Core/Src/stm32f4xx_hal_msp.c.obj
                0x0800a138                HAL_MspInit
 .text.NMI_Handler
                0x0800a170        0x2 CMakeFiles/templateDevelopment.elf.dir/Core/Src/stm32f4xx_it.c.obj
                0x0800a170                NMI_Handler
 .text.HardFault_Handler
                0x0800a172        0x2 CMakeFiles/templateDevelopment.elf.dir/Core/Src/stm32f4xx_it.c.obj
                0x0800a172                HardFault_Handler
 .text.MemManage_Handler
                0x0800a174        0x2 CMakeFiles/templateDevelopment.elf.dir/Core/Src/stm32f4xx_it.c.obj
                0x0800a174                MemManage_Handler
 .text.BusFault_Handler
                0x0800a176        0x2 CMakeFiles/templateDevelopment.elf.dir/Core/Src/stm32f4xx_it.c.obj
                0x0800a176                BusFault_Handler
 .text.UsageFault_Handler
                0x0800a178        0x2 CMakeFiles/templateDevelopment.elf.dir/Core/Src/stm32f4xx_it.c.obj
                0x0800a178                UsageFault_Handler
 .text.SVC_Handler
                0x0800a17a        0x2 CMakeFiles/templateDevelopment.elf.dir/Core/Src/stm32f4xx_it.c.obj
                0x0800a17a                SVC_Handler
 .text.DebugMon_Handler
                0x0800a17c        0x2 CMakeFiles/templateDevelopment.elf.dir/Core/Src/stm32f4xx_it.c.obj
                0x0800a17c                DebugMon_Handler
 .text.PendSV_Handler
                0x0800a17e        0x2 CMakeFiles/templateDevelopment.elf.dir/Core/Src/stm32f4xx_it.c.obj
                0x0800a17e                PendSV_Handler
 .text.SysTick_Handler
                0x0800a180        0x8 CMakeFiles/templateDevelopment.elf.dir/Core/Src/stm32f4xx_it.c.obj
                0x0800a180                SysTick_Handler
 .text.ADC_IRQHandler
                0x0800a188       0x10 CMakeFiles/templateDevelopment.elf.dir/Core/Src/stm32f4xx_it.c.obj
                0x0800a188                ADC_IRQHandler
 .text.USART1_IRQHandler
                0x0800a198       0x18 CMakeFiles/templateDevelopment.elf.dir/Core/Src/stm32f4xx_it.c.obj
                0x0800a198                USART1_IRQHandler
 .text.DMA2_Stream0_IRQHandler
                0x0800a1b0       0x10 CMakeFiles/templateDevelopment.elf.dir/Core/Src/stm32f4xx_it.c.obj
                0x0800a1b0                DMA2_Stream0_IRQHandler
 .text.DMA2_Stream2_IRQHandler
                0x0800a1c0       0x10 CMakeFiles/templateDevelopment.elf.dir/Core/Src/stm32f4xx_it.c.obj
                0x0800a1c0                DMA2_Stream2_IRQHandler
 .text.DMA2_Stream7_IRQHandler
                0x0800a1d0       0x10 CMakeFiles/templateDevelopment.elf.dir/Core/Src/stm32f4xx_it.c.obj
                0x0800a1d0                DMA2_Stream7_IRQHandler
 .text._getpid  0x0800a1e0        0x4 CMakeFiles/templateDevelopment.elf.dir/Core/Src/syscalls.c.obj
                0x0800a1e0                _getpid
 .text._kill    0x0800a1e4       0x10 CMakeFiles/templateDevelopment.elf.dir/Core/Src/syscalls.c.obj
                0x0800a1e4                _kill
 .text._exit    0x0800a1f4        0xc CMakeFiles/templateDevelopment.elf.dir/Core/Src/syscalls.c.obj
                0x0800a1f4                _exit
 .text._read    0x0800a200       0x20 CMakeFiles/templateDevelopment.elf.dir/Core/Src/syscalls.c.obj
                0x0800a200                _read
 .text._write   0x0800a220       0x1c CMakeFiles/templateDevelopment.elf.dir/Core/Src/syscalls.c.obj
                0x0800a220                _write
 .text._close   0x0800a23c        0x6 CMakeFiles/templateDevelopment.elf.dir/Core/Src/syscalls.c.obj
                0x0800a23c                _close
 .text._fstat   0x0800a242        0xa CMakeFiles/templateDevelopment.elf.dir/Core/Src/syscalls.c.obj
                0x0800a242                _fstat
 .text._isatty  0x0800a24c        0x4 CMakeFiles/templateDevelopment.elf.dir/Core/Src/syscalls.c.obj
                0x0800a24c                _isatty
 .text._lseek   0x0800a250        0x4 CMakeFiles/templateDevelopment.elf.dir/Core/Src/syscalls.c.obj
                0x0800a250                _lseek
 .text._sbrk    0x0800a254       0x48 CMakeFiles/templateDevelopment.elf.dir/Core/Src/sysmem.c.obj
                0x0800a254                _sbrk
 .text.SystemInit
                0x0800a29c       0x14 CMakeFiles/templateDevelopment.elf.dir/Core/Src/system_stm32f4xx.c.obj
                0x0800a29c                SystemInit
 .text.MX_TIM3_Init
                0x0800a2b0       0x70 CMakeFiles/templateDevelopment.elf.dir/Core/Src/tim.c.obj
                0x0800a2b0                MX_TIM3_Init
 .text.HAL_TIM_Base_MspInit
                0x0800a320       0x30 CMakeFiles/templateDevelopment.elf.dir/Core/Src/tim.c.obj
                0x0800a320                HAL_TIM_Base_MspInit
 .text.MX_USART1_UART_Init
                0x0800a350       0x34 CMakeFiles/templateDevelopment.elf.dir/Core/Src/usart.c.obj
                0x0800a350                MX_USART1_UART_Init
 .text.HAL_UART_MspInit
                0x0800a384      0x100 CMakeFiles/templateDevelopment.elf.dir/Core/Src/usart.c.obj
                0x0800a384                HAL_UART_MspInit
 .text.Reset_Handler
                0x0800a484       0x50 CMakeFiles/templateDevelopment.elf.dir/Core/Startup/startup_stm32f407zgtx.s.obj
                0x0800a484                Reset_Handler
 .text.Default_Handler
                0x0800a4d4        0x2 CMakeFiles/templateDevelopment.elf.dir/Core/Startup/startup_stm32f407zgtx.s.obj
                0x0800a4d4                RTC_Alarm_IRQHandler
                0x0800a4d4                HASH_RNG_IRQHandler
                0x0800a4d4                EXTI2_IRQHandler
                0x0800a4d4                TIM8_CC_IRQHandler
                0x0800a4d4                TIM1_CC_IRQHandler
                0x0800a4d4                DMA2_Stream5_IRQHandler
                0x0800a4d4                DMA1_Stream5_IRQHandler
                0x0800a4d4                PVD_IRQHandler
                0x0800a4d4                SDIO_IRQHandler
                0x0800a4d4                TAMP_STAMP_IRQHandler
                0x0800a4d4                CAN2_RX1_IRQHandler
                0x0800a4d4                EXTI3_IRQHandler
                0x0800a4d4                TIM8_TRG_COM_TIM14_IRQHandler
                0x0800a4d4                TIM1_UP_TIM10_IRQHandler
                0x0800a4d4                TIM8_UP_TIM13_IRQHandler
                0x0800a4d4                I2C3_ER_IRQHandler
                0x0800a4d4                EXTI0_IRQHandler
                0x0800a4d4                I2C2_EV_IRQHandler
                0x0800a4d4                DMA1_Stream2_IRQHandler
                0x0800a4d4                CAN1_RX0_IRQHandler
                0x0800a4d4                FPU_IRQHandler
                0x0800a4d4                OTG_HS_WKUP_IRQHandler
                0x0800a4d4                CAN2_SCE_IRQHandler
                0x0800a4d4                SPI1_IRQHandler
                0x0800a4d4                TIM6_DAC_IRQHandler
                0x0800a4d4                TIM1_BRK_TIM9_IRQHandler
                0x0800a4d4                DCMI_IRQHandler
                0x0800a4d4                CAN2_RX0_IRQHandler
                0x0800a4d4                DMA2_Stream3_IRQHandler
                0x0800a4d4                USART6_IRQHandler
                0x0800a4d4                USART3_IRQHandler
                0x0800a4d4                CAN1_RX1_IRQHandler
                0x0800a4d4                UART5_IRQHandler
                0x0800a4d4                TIM4_IRQHandler
                0x0800a4d4                I2C1_EV_IRQHandler
                0x0800a4d4                DMA1_Stream6_IRQHandler
                0x0800a4d4                DMA1_Stream1_IRQHandler
                0x0800a4d4                UART4_IRQHandler
                0x0800a4d4                TIM3_IRQHandler
                0x0800a4d4                RCC_IRQHandler
                0x0800a4d4                TIM8_BRK_TIM12_IRQHandler
                0x0800a4d4                Default_Handler
                0x0800a4d4                EXTI15_10_IRQHandler
                0x0800a4d4                DMA1_Stream7_IRQHandler
                0x0800a4d4                TIM7_IRQHandler
                0x0800a4d4                CAN2_TX_IRQHandler
                0x0800a4d4                TIM5_IRQHandler
                0x0800a4d4                I2C3_EV_IRQHandler
                0x0800a4d4                EXTI9_5_IRQHandler
                0x0800a4d4                RTC_WKUP_IRQHandler
                0x0800a4d4                ETH_WKUP_IRQHandler
                0x0800a4d4                SPI2_IRQHandler
                0x0800a4d4                OTG_HS_EP1_IN_IRQHandler
                0x0800a4d4                DMA1_Stream0_IRQHandler
                0x0800a4d4                CAN1_TX_IRQHandler
                0x0800a4d4                EXTI4_IRQHandler
                0x0800a4d4                FSMC_IRQHandler
                0x0800a4d4                ETH_IRQHandler
                0x0800a4d4                OTG_HS_EP1_OUT_IRQHandler
                0x0800a4d4                WWDG_IRQHandler
                0x0800a4d4                TIM2_IRQHandler
                0x0800a4d4                OTG_FS_WKUP_IRQHandler
                0x0800a4d4                TIM1_TRG_COM_TIM11_IRQHandler
                0x0800a4d4                OTG_HS_IRQHandler
                0x0800a4d4                EXTI1_IRQHandler
                0x0800a4d4                USART2_IRQHandler
                0x0800a4d4                I2C2_ER_IRQHandler
                0x0800a4d4                DMA2_Stream1_IRQHandler
                0x0800a4d4                CAN1_SCE_IRQHandler
                0x0800a4d4                FLASH_IRQHandler
                0x0800a4d4                DMA2_Stream4_IRQHandler
                0x0800a4d4                OTG_FS_IRQHandler
                0x0800a4d4                SPI3_IRQHandler
                0x0800a4d4                DMA1_Stream4_IRQHandler
                0x0800a4d4                I2C1_ER_IRQHandler
                0x0800a4d4                DMA2_Stream6_IRQHandler
                0x0800a4d4                DMA1_Stream3_IRQHandler
 *fill*         0x0800a4d6        0x2 
 .text.HAL_InitTick
                0x0800a4d8       0x4c CMakeFiles/templateDevelopment.elf.dir/Drivers/STM32F4xx_HAL_Driver/Src/stm32f4xx_hal.c.obj
                0x0800a4d8                HAL_InitTick
 .text.HAL_Init
                0x0800a524       0x34 CMakeFiles/templateDevelopment.elf.dir/Drivers/STM32F4xx_HAL_Driver/Src/stm32f4xx_hal.c.obj
                0x0800a524                HAL_Init
 .text.HAL_IncTick
                0x0800a558       0x18 CMakeFiles/templateDevelopment.elf.dir/Drivers/STM32F4xx_HAL_Driver/Src/stm32f4xx_hal.c.obj
                0x0800a558                HAL_IncTick
 .text.HAL_GetTick
                0x0800a570        0xc CMakeFiles/templateDevelopment.elf.dir/Drivers/STM32F4xx_HAL_Driver/Src/stm32f4xx_hal.c.obj
                0x0800a570                HAL_GetTick
 .text.HAL_Delay
                0x0800a57c       0x28 CMakeFiles/templateDevelopment.elf.dir/Drivers/STM32F4xx_HAL_Driver/Src/stm32f4xx_hal.c.obj
                0x0800a57c                HAL_Delay
 .text.ADC_Init
                0x0800a5a4      0x134 CMakeFiles/templateDevelopment.elf.dir/Drivers/STM32F4xx_HAL_Driver/Src/stm32f4xx_hal_adc.c.obj
 .text.HAL_ADC_Init
                0x0800a6d8       0x56 CMakeFiles/templateDevelopment.elf.dir/Drivers/STM32F4xx_HAL_Driver/Src/stm32f4xx_hal_adc.c.obj
                0x0800a6d8                HAL_ADC_Init
 *fill*         0x0800a72e        0x2 
 .text.HAL_ADC_Start_DMA
                0x0800a730      0x19c CMakeFiles/templateDevelopment.elf.dir/Drivers/STM32F4xx_HAL_Driver/Src/stm32f4xx_hal_adc.c.obj
                0x0800a730                HAL_ADC_Start_DMA
 .text.HAL_ADC_ConvCpltCallback
                0x0800a8cc        0x2 CMakeFiles/templateDevelopment.elf.dir/Drivers/STM32F4xx_HAL_Driver/Src/stm32f4xx_hal_adc.c.obj
                0x0800a8cc                HAL_ADC_ConvCpltCallback
 .text.HAL_ADC_ConvHalfCpltCallback
                0x0800a8ce        0x2 CMakeFiles/templateDevelopment.elf.dir/Drivers/STM32F4xx_HAL_Driver/Src/stm32f4xx_hal_adc.c.obj
                0x0800a8ce                HAL_ADC_ConvHalfCpltCallback
 .text.ADC_DMAHalfConvCplt
                0x0800a8d0        0xa CMakeFiles/templateDevelopment.elf.dir/Drivers/STM32F4xx_HAL_Driver/Src/stm32f4xx_hal_adc.c.obj
 .text.HAL_ADC_LevelOutOfWindowCallback
                0x0800a8da        0x2 CMakeFiles/templateDevelopment.elf.dir/Drivers/STM32F4xx_HAL_Driver/Src/stm32f4xx_hal_adc.c.obj
                0x0800a8da                HAL_ADC_LevelOutOfWindowCallback
 .text.HAL_ADC_ErrorCallback
                0x0800a8dc        0x2 CMakeFiles/templateDevelopment.elf.dir/Drivers/STM32F4xx_HAL_Driver/Src/stm32f4xx_hal_adc.c.obj
                0x0800a8dc                HAL_ADC_ErrorCallback
 .text.HAL_ADC_IRQHandler
                0x0800a8de      0x142 CMakeFiles/templateDevelopment.elf.dir/Drivers/STM32F4xx_HAL_Driver/Src/stm32f4xx_hal_adc.c.obj
                0x0800a8de                HAL_ADC_IRQHandler
 .text.ADC_DMAError
                0x0800aa20       0x16 CMakeFiles/templateDevelopment.elf.dir/Drivers/STM32F4xx_HAL_Driver/Src/stm32f4xx_hal_adc.c.obj
 .text.ADC_DMAConvCplt
                0x0800aa36       0x72 CMakeFiles/templateDevelopment.elf.dir/Drivers/STM32F4xx_HAL_Driver/Src/stm32f4xx_hal_adc.c.obj
 .text.HAL_ADC_ConfigChannel
                0x0800aaa8      0x198 CMakeFiles/templateDevelopment.elf.dir/Drivers/STM32F4xx_HAL_Driver/Src/stm32f4xx_hal_adc.c.obj
                0x0800aaa8                HAL_ADC_ConfigChannel
 .text.HAL_ADCEx_InjectedConvCpltCallback
                0x0800ac40        0x2 CMakeFiles/templateDevelopment.elf.dir/Drivers/STM32F4xx_HAL_Driver/Src/stm32f4xx_hal_adc_ex.c.obj
                0x0800ac40                HAL_ADCEx_InjectedConvCpltCallback
 *fill*         0x0800ac42        0x2 
 .text.HAL_NVIC_SetPriorityGrouping
                0x0800ac44       0x24 CMakeFiles/templateDevelopment.elf.dir/Drivers/STM32F4xx_HAL_Driver/Src/stm32f4xx_hal_cortex.c.obj
                0x0800ac44                HAL_NVIC_SetPriorityGrouping
 .text.HAL_NVIC_SetPriority
                0x0800ac68       0x70 CMakeFiles/templateDevelopment.elf.dir/Drivers/STM32F4xx_HAL_Driver/Src/stm32f4xx_hal_cortex.c.obj
                0x0800ac68                HAL_NVIC_SetPriority
 .text.HAL_NVIC_EnableIRQ
                0x0800acd8       0x1c CMakeFiles/templateDevelopment.elf.dir/Drivers/STM32F4xx_HAL_Driver/Src/stm32f4xx_hal_cortex.c.obj
                0x0800acd8                HAL_NVIC_EnableIRQ
 .text.HAL_SYSTICK_Config
                0x0800acf4       0x28 CMakeFiles/templateDevelopment.elf.dir/Drivers/STM32F4xx_HAL_Driver/Src/stm32f4xx_hal_cortex.c.obj
                0x0800acf4                HAL_SYSTICK_Config
 .text.HAL_DAC_Init
                0x0800ad1c       0x24 CMakeFiles/templateDevelopment.elf.dir/Drivers/STM32F4xx_HAL_Driver/Src/stm32f4xx_hal_dac.c.obj
                0x0800ad1c                HAL_DAC_Init
 .text.HAL_DAC_ConfigChannel
                0x0800ad40       0x56 CMakeFiles/templateDevelopment.elf.dir/Drivers/STM32F4xx_HAL_Driver/Src/stm32f4xx_hal_dac.c.obj
                0x0800ad40                HAL_DAC_ConfigChannel
 .text.DMA_SetConfig
                0x0800ad96       0x2c CMakeFiles/templateDevelopment.elf.dir/Drivers/STM32F4xx_HAL_Driver/Src/stm32f4xx_hal_dma.c.obj
 *fill*         0x0800adc2        0x2 
 .text.DMA_CalcBaseAndBitshift
                0x0800adc4       0x44 CMakeFiles/templateDevelopment.elf.dir/Drivers/STM32F4xx_HAL_Driver/Src/stm32f4xx_hal_dma.c.obj
 .text.DMA_CheckFifoParam
                0x0800ae08       0x8e CMakeFiles/templateDevelopment.elf.dir/Drivers/STM32F4xx_HAL_Driver/Src/stm32f4xx_hal_dma.c.obj
 *fill*         0x0800ae96        0x2 
 .text.HAL_DMA_Init
                0x0800ae98       0xcc CMakeFiles/templateDevelopment.elf.dir/Drivers/STM32F4xx_HAL_Driver/Src/stm32f4xx_hal_dma.c.obj
                0x0800ae98                HAL_DMA_Init
 .text.HAL_DMA_Start_IT
                0x0800af64       0x6a CMakeFiles/templateDevelopment.elf.dir/Drivers/STM32F4xx_HAL_Driver/Src/stm32f4xx_hal_dma.c.obj
                0x0800af64                HAL_DMA_Start_IT
 .text.HAL_DMA_Abort
                0x0800afce       0x94 CMakeFiles/templateDevelopment.elf.dir/Drivers/STM32F4xx_HAL_Driver/Src/stm32f4xx_hal_dma.c.obj
                0x0800afce                HAL_DMA_Abort
 .text.HAL_DMA_Abort_IT
                0x0800b062       0x26 CMakeFiles/templateDevelopment.elf.dir/Drivers/STM32F4xx_HAL_Driver/Src/stm32f4xx_hal_dma.c.obj
                0x0800b062                HAL_DMA_Abort_IT
 .text.HAL_DMA_IRQHandler
                0x0800b088      0x1dc CMakeFiles/templateDevelopment.elf.dir/Drivers/STM32F4xx_HAL_Driver/Src/stm32f4xx_hal_dma.c.obj
                0x0800b088                HAL_DMA_IRQHandler
 .text.HAL_GPIO_Init
                0x0800b264      0x1e4 CMakeFiles/templateDevelopment.elf.dir/Drivers/STM32F4xx_HAL_Driver/Src/stm32f4xx_hal_gpio.c.obj
                0x0800b264                HAL_GPIO_Init
 .text.HAL_GPIO_ReadPin
                0x0800b448        0xe CMakeFiles/templateDevelopment.elf.dir/Drivers/STM32F4xx_HAL_Driver/Src/stm32f4xx_hal_gpio.c.obj
                0x0800b448                HAL_GPIO_ReadPin
 .text.HAL_GPIO_WritePin
                0x0800b456        0xc CMakeFiles/templateDevelopment.elf.dir/Drivers/STM32F4xx_HAL_Driver/Src/stm32f4xx_hal_gpio.c.obj
                0x0800b456                HAL_GPIO_WritePin
 *fill*         0x0800b462        0x2 
 .text.HAL_RCC_OscConfig
                0x0800b464      0x3f8 CMakeFiles/templateDevelopment.elf.dir/Drivers/STM32F4xx_HAL_Driver/Src/stm32f4xx_hal_rcc.c.obj
                0x0800b464                HAL_RCC_OscConfig
 .text.HAL_RCC_GetSysClockFreq
                0x0800b85c       0xa4 CMakeFiles/templateDevelopment.elf.dir/Drivers/STM32F4xx_HAL_Driver/Src/stm32f4xx_hal_rcc.c.obj
                0x0800b85c                HAL_RCC_GetSysClockFreq
 .text.HAL_RCC_ClockConfig
                0x0800b900      0x160 CMakeFiles/templateDevelopment.elf.dir/Drivers/STM32F4xx_HAL_Driver/Src/stm32f4xx_hal_rcc.c.obj
                0x0800b900                HAL_RCC_ClockConfig
 .text.HAL_RCC_GetHCLKFreq
                0x0800ba60        0xc CMakeFiles/templateDevelopment.elf.dir/Drivers/STM32F4xx_HAL_Driver/Src/stm32f4xx_hal_rcc.c.obj
                0x0800ba60                HAL_RCC_GetHCLKFreq
 .text.HAL_RCC_GetPCLK1Freq
                0x0800ba6c       0x20 CMakeFiles/templateDevelopment.elf.dir/Drivers/STM32F4xx_HAL_Driver/Src/stm32f4xx_hal_rcc.c.obj
                0x0800ba6c                HAL_RCC_GetPCLK1Freq
 .text.HAL_RCC_GetPCLK2Freq
                0x0800ba8c       0x20 CMakeFiles/templateDevelopment.elf.dir/Drivers/STM32F4xx_HAL_Driver/Src/stm32f4xx_hal_rcc.c.obj
                0x0800ba8c                HAL_RCC_GetPCLK2Freq
 .text.HAL_SRAM_Init
                0x0800baac       0x58 CMakeFiles/templateDevelopment.elf.dir/Drivers/STM32F4xx_HAL_Driver/Src/stm32f4xx_hal_sram.c.obj
                0x0800baac                HAL_SRAM_Init
 .text.TIM_TI1_ConfigInputStage
                0x0800bb04       0x26 CMakeFiles/templateDevelopment.elf.dir/Drivers/STM32F4xx_HAL_Driver/Src/stm32f4xx_hal_tim.c.obj
 .text.TIM_TI2_ConfigInputStage
                0x0800bb2a       0x28 CMakeFiles/templateDevelopment.elf.dir/Drivers/STM32F4xx_HAL_Driver/Src/stm32f4xx_hal_tim.c.obj
 .text.TIM_ITRx_SetConfig
                0x0800bb52       0x10 CMakeFiles/templateDevelopment.elf.dir/Drivers/STM32F4xx_HAL_Driver/Src/stm32f4xx_hal_tim.c.obj
 *fill*         0x0800bb62        0x2 
 .text.HAL_TIM_Base_Start
                0x0800bb64       0x7c CMakeFiles/templateDevelopment.elf.dir/Drivers/STM32F4xx_HAL_Driver/Src/stm32f4xx_hal_tim.c.obj
                0x0800bb64                HAL_TIM_Base_Start
 .text.TIM_Base_SetConfig
                0x0800bbe0       0xc8 CMakeFiles/templateDevelopment.elf.dir/Drivers/STM32F4xx_HAL_Driver/Src/stm32f4xx_hal_tim.c.obj
                0x0800bbe0                TIM_Base_SetConfig
 .text.HAL_TIM_Base_Init
                0x0800bca8       0x58 CMakeFiles/templateDevelopment.elf.dir/Drivers/STM32F4xx_HAL_Driver/Src/stm32f4xx_hal_tim.c.obj
                0x0800bca8                HAL_TIM_Base_Init
 .text.TIM_ETR_SetConfig
                0x0800bd00       0x1a CMakeFiles/templateDevelopment.elf.dir/Drivers/STM32F4xx_HAL_Driver/Src/stm32f4xx_hal_tim.c.obj
                0x0800bd00                TIM_ETR_SetConfig
 .text.HAL_TIM_ConfigClockSource
                0x0800bd1a       0xfe CMakeFiles/templateDevelopment.elf.dir/Drivers/STM32F4xx_HAL_Driver/Src/stm32f4xx_hal_tim.c.obj
                0x0800bd1a                HAL_TIM_ConfigClockSource
 .text.HAL_TIMEx_MasterConfigSynchronization
                0x0800be18       0x8c CMakeFiles/templateDevelopment.elf.dir/Drivers/STM32F4xx_HAL_Driver/Src/stm32f4xx_hal_tim_ex.c.obj
                0x0800be18                HAL_TIMEx_MasterConfigSynchronization
 .text.UART_EndTxTransfer
                0x0800bea4       0x20 CMakeFiles/templateDevelopment.elf.dir/Drivers/STM32F4xx_HAL_Driver/Src/stm32f4xx_hal_uart.c.obj
 .text.UART_EndRxTransfer
                0x0800bec4       0x5c CMakeFiles/templateDevelopment.elf.dir/Drivers/STM32F4xx_HAL_Driver/Src/stm32f4xx_hal_uart.c.obj
 .text.UART_Transmit_IT
                0x0800bf20       0x60 CMakeFiles/templateDevelopment.elf.dir/Drivers/STM32F4xx_HAL_Driver/Src/stm32f4xx_hal_uart.c.obj
 .text.UART_SetConfig
                0x0800bf80      0x110 CMakeFiles/templateDevelopment.elf.dir/Drivers/STM32F4xx_HAL_Driver/Src/stm32f4xx_hal_uart.c.obj
 .text.UART_WaitOnFlagUntilTimeout
                0x0800c090       0x88 CMakeFiles/templateDevelopment.elf.dir/Drivers/STM32F4xx_HAL_Driver/Src/stm32f4xx_hal_uart.c.obj
 .text.HAL_UART_Init
                0x0800c118       0x5e CMakeFiles/templateDevelopment.elf.dir/Drivers/STM32F4xx_HAL_Driver/Src/stm32f4xx_hal_uart.c.obj
                0x0800c118                HAL_UART_Init
 .text.HAL_UART_Transmit
                0x0800c176       0xd8 CMakeFiles/templateDevelopment.elf.dir/Drivers/STM32F4xx_HAL_Driver/Src/stm32f4xx_hal_uart.c.obj
                0x0800c176                HAL_UART_Transmit
 .text.HAL_UART_DMAStop
                0x0800c24e       0x84 CMakeFiles/templateDevelopment.elf.dir/Drivers/STM32F4xx_HAL_Driver/Src/stm32f4xx_hal_uart.c.obj
                0x0800c24e                HAL_UART_DMAStop
 .text.HAL_UART_TxCpltCallback
                0x0800c2d2        0x2 CMakeFiles/templateDevelopment.elf.dir/Drivers/STM32F4xx_HAL_Driver/Src/stm32f4xx_hal_uart.c.obj
                0x0800c2d2                HAL_UART_TxCpltCallback
 .text.UART_EndTransmit_IT
                0x0800c2d4       0x1a CMakeFiles/templateDevelopment.elf.dir/Drivers/STM32F4xx_HAL_Driver/Src/stm32f4xx_hal_uart.c.obj
 .text.HAL_UART_ErrorCallback
                0x0800c2ee        0x2 CMakeFiles/templateDevelopment.elf.dir/Drivers/STM32F4xx_HAL_Driver/Src/stm32f4xx_hal_uart.c.obj
                0x0800c2ee                HAL_UART_ErrorCallback
 .text.UART_DMAAbortOnError
                0x0800c2f0       0x10 CMakeFiles/templateDevelopment.elf.dir/Drivers/STM32F4xx_HAL_Driver/Src/stm32f4xx_hal_uart.c.obj
 .text.HAL_UARTEx_RxEventCallback
                0x0800c300        0x2 CMakeFiles/templateDevelopment.elf.dir/Drivers/STM32F4xx_HAL_Driver/Src/stm32f4xx_hal_uart.c.obj
                0x0800c300                HAL_UARTEx_RxEventCallback
 .text.UART_Receive_IT
                0x0800c302       0xe2 CMakeFiles/templateDevelopment.elf.dir/Drivers/STM32F4xx_HAL_Driver/Src/stm32f4xx_hal_uart.c.obj
 .text.HAL_UART_IRQHandler
                0x0800c3e4      0x280 CMakeFiles/templateDevelopment.elf.dir/Drivers/STM32F4xx_HAL_Driver/Src/stm32f4xx_hal_uart.c.obj
                0x0800c3e4                HAL_UART_IRQHandler
 .text.FSMC_NORSRAM_Init
                0x0800c664       0x6c CMakeFiles/templateDevelopment.elf.dir/Drivers/STM32F4xx_HAL_Driver/Src/stm32f4xx_ll_fsmc.c.obj
                0x0800c664                FSMC_NORSRAM_Init
 .text.FSMC_NORSRAM_Timing_Init
                0x0800c6d0       0x44 CMakeFiles/templateDevelopment.elf.dir/Drivers/STM32F4xx_HAL_Driver/Src/stm32f4xx_ll_fsmc.c.obj
                0x0800c6d0                FSMC_NORSRAM_Timing_Init
 .text.FSMC_NORSRAM_Extended_Timing_Init
                0x0800c714       0x44 CMakeFiles/templateDevelopment.elf.dir/Drivers/STM32F4xx_HAL_Driver/Src/stm32f4xx_ll_fsmc.c.obj
                0x0800c714                FSMC_NORSRAM_Extended_Timing_Init
 .text.lcd_rd_data
                0x0800c758       0x1a CMakeFiles/templateDevelopment.elf.dir/LCD/lcd.c.obj
 .text.lcd_wr_data
                0x0800c772       0x22 CMakeFiles/templateDevelopment.elf.dir/LCD/lcd.c.obj
                0x0800c772                lcd_wr_data
 .text.lcd_wr_regno
                0x0800c794       0x22 CMakeFiles/templateDevelopment.elf.dir/LCD/lcd.c.obj
                0x0800c794                lcd_wr_regno
 .text.lcd_ex_st7789_reginit
                0x0800c7b6      0x1a8 CMakeFiles/templateDevelopment.elf.dir/LCD/lcd.c.obj
                0x0800c7b6                lcd_ex_st7789_reginit
 .text.lcd_ex_ili9341_reginit
                0x0800c95e      0x22c CMakeFiles/templateDevelopment.elf.dir/LCD/lcd.c.obj
                0x0800c95e                lcd_ex_ili9341_reginit
 .text.lcd_ex_nt35310_reginit
                0x0800cb8a      0xef2 CMakeFiles/templateDevelopment.elf.dir/LCD/lcd.c.obj
                0x0800cb8a                lcd_ex_nt35310_reginit
 .text.lcd_ex_ssd1963_reginit
                0x0800da7c      0x16e CMakeFiles/templateDevelopment.elf.dir/LCD/lcd.c.obj
                0x0800da7c                lcd_ex_ssd1963_reginit
 .text.lcd_write_reg
                0x0800dbea        0xe CMakeFiles/templateDevelopment.elf.dir/LCD/lcd.c.obj
                0x0800dbea                lcd_write_reg
 .text.lcd_ex_nt35510_reginit
                0x0800dbf8      0xefc CMakeFiles/templateDevelopment.elf.dir/LCD/lcd.c.obj
                0x0800dbf8                lcd_ex_nt35510_reginit
 .text.lcd_write_ram_prepare
                0x0800eaf4       0x14 CMakeFiles/templateDevelopment.elf.dir/LCD/lcd.c.obj
                0x0800eaf4                lcd_write_ram_prepare
 .text.lcd_set_cursor
                0x0800eb08      0x10c CMakeFiles/templateDevelopment.elf.dir/LCD/lcd.c.obj
                0x0800eb08                lcd_set_cursor
 .text.lcd_scan_dir
                0x0800ec14      0x1d8 CMakeFiles/templateDevelopment.elf.dir/LCD/lcd.c.obj
                0x0800ec14                lcd_scan_dir
 .text.lcd_draw_point
                0x0800edec       0x18 CMakeFiles/templateDevelopment.elf.dir/LCD/lcd.c.obj
                0x0800edec                lcd_draw_point
 *fill*         0x0800ee04        0x4 
 .text.lcd_ssd_backlight_set
                0x0800ee08       0x50 CMakeFiles/templateDevelopment.elf.dir/LCD/lcd.c.obj
                0x0800ee08                lcd_ssd_backlight_set
 .text.lcd_display_dir
                0x0800ee58      0x118 CMakeFiles/templateDevelopment.elf.dir/LCD/lcd.c.obj
                0x0800ee58                lcd_display_dir
 .text.lcd_clear
                0x0800ef70       0x34 CMakeFiles/templateDevelopment.elf.dir/LCD/lcd.c.obj
                0x0800ef70                lcd_clear
 .text.lcd_init
                0x0800efa4      0x354 CMakeFiles/templateDevelopment.elf.dir/LCD/lcd.c.obj
                0x0800efa4                lcd_init
 .text.lcd_fill
                0x0800f2f8       0x44 CMakeFiles/templateDevelopment.elf.dir/LCD/lcd.c.obj
                0x0800f2f8                lcd_fill
 .text.lcd_draw_line
                0x0800f33c       0xa6 CMakeFiles/templateDevelopment.elf.dir/LCD/lcd.c.obj
                0x0800f33c                lcd_draw_line
 .text.lcd_draw_circle
                0x0800f3e2       0xe0 CMakeFiles/templateDevelopment.elf.dir/LCD/lcd.c.obj
                0x0800f3e2                lcd_draw_circle
 *fill*         0x0800f4c2        0x2 
 .text.lcd_show_char
                0x0800f4c4      0x118 CMakeFiles/templateDevelopment.elf.dir/LCD/lcd.c.obj
                0x0800f4c4                lcd_show_char
 .text.lcd_show_string
                0x0800f5dc       0x62 CMakeFiles/templateDevelopment.elf.dir/LCD/lcd.c.obj
                0x0800f5dc                lcd_show_string
 .text._ZN5MyADC9myADCInitEP17TIM_HandleTypeDef
                0x0800f63e        0xa CMakeFiles/templateDevelopment.elf.dir/myApplcation/MyADC_cpp.cpp.obj
                0x0800f63e                MyADC::myADCInit(TIM_HandleTypeDef*)
 .text._ZN5MyADCC2EPttP17TIM_HandleTypeDefP17ADC_HandleTypeDef
                0x0800f648       0x26 CMakeFiles/templateDevelopment.elf.dir/myApplcation/MyADC_cpp.cpp.obj
                0x0800f648                MyADC::MyADC(unsigned short*, unsigned short, TIM_HandleTypeDef*, ADC_HandleTypeDef*)
                0x0800f648                MyADC::MyADC(unsigned short*, unsigned short, TIM_HandleTypeDef*, ADC_HandleTypeDef*)
 .text._ZN5MyADC16myADCCollectDataEv
                0x0800f66e        0xe CMakeFiles/templateDevelopment.elf.dir/myApplcation/MyADC_cpp.cpp.obj
                0x0800f66e                MyADC::myADCCollectData()
 *fill*         0x0800f67c        0x4 
 .text._ZN5MyADC17myADCShowWaveFormEv
                0x0800f680       0x7c CMakeFiles/templateDevelopment.elf.dir/myApplcation/MyADC_cpp.cpp.obj
                0x0800f680                MyADC::myADCShowWaveForm()
 .text._ZN5MyADCD2Ev
                0x0800f6fc        0x2 CMakeFiles/templateDevelopment.elf.dir/myApplcation/MyADC_cpp.cpp.obj
                0x0800f6fc                MyADC::~MyADC()
                0x0800f6fc                MyADC::~MyADC()
 *fill*         0x0800f6fe        0x2 
 .text._ZN5MyFFT7FFTInitEPt
                0x0800f700       0x50 CMakeFiles/templateDevelopment.elf.dir/myApplcation/MyFFT.cpp.obj
                0x0800f700                MyFFT::FFTInit(unsigned short*)
 .text._ZN5MyFFT10FFTProcessEv
                0x0800f750       0x5c CMakeFiles/templateDevelopment.elf.dir/myApplcation/MyFFT.cpp.obj
                0x0800f750                MyFFT::FFTProcess()
 .text._ZN5MyFFT12GetOutputbufEv
                0x0800f7ac        0x8 CMakeFiles/templateDevelopment.elf.dir/myApplcation/MyFFT.cpp.obj
                0x0800f7ac                MyFFT::GetOutputbuf()
 .text._Z41__static_initialization_and_destruction_0ii
                0x0800f7b4       0x38 CMakeFiles/templateDevelopment.elf.dir/myApplcation/MyLCD.cpp.obj
 .text._ZN5MyLCD9MyLCDInitEv
                0x0800f7ec       0x18 CMakeFiles/templateDevelopment.elf.dir/myApplcation/MyLCD.cpp.obj
                0x0800f7ec                MyLCD::MyLCDInit()
 .text._GLOBAL__sub_I_myUsart
                0x0800f804        0xe CMakeFiles/templateDevelopment.elf.dir/myApplcation/MyLCD.cpp.obj
 .text._ZN7MyUsartC2EP20__UART_HandleTypeDef
                0x0800f812        0xa CMakeFiles/templateDevelopment.elf.dir/myApplcation/MyUsart.cpp.obj
                0x0800f812                MyUsart::MyUsart(__UART_HandleTypeDef*)
                0x0800f812                MyUsart::MyUsart(__UART_HandleTypeDef*)
 .text._ZN7MyUsart4SendEPh
                0x0800f81c        0xe CMakeFiles/templateDevelopment.elf.dir/myApplcation/MyUsart.cpp.obj
                0x0800f81c                MyUsart::Send(unsigned char*)
 *fill*         0x0800f82a        0x2 
 .text._ZN7MyUsart10SendStringEPht
                0x0800f82c       0x20 CMakeFiles/templateDevelopment.elf.dir/myApplcation/MyUsart.cpp.obj
                0x0800f82c                MyUsart::SendString(unsigned char*, unsigned short)
 .text._ZN7MyUsart7SendIntEPtt
                0x0800f84c       0x3c CMakeFiles/templateDevelopment.elf.dir/myApplcation/MyUsart.cpp.obj
                0x0800f84c                MyUsart::SendInt(unsigned short*, unsigned short)
 .text._ZN7MyUsart9SendFloatEPft
                0x0800f888       0x54 CMakeFiles/templateDevelopment.elf.dir/myApplcation/MyUsart.cpp.obj
                0x0800f888                MyUsart::SendFloat(float*, unsigned short)
 .text._ZN7MyUsartD2Ev
                0x0800f8dc        0x2 CMakeFiles/templateDevelopment.elf.dir/myApplcation/MyUsart.cpp.obj
                0x0800f8dc                MyUsart::~MyUsart()
                0x0800f8dc                MyUsart::~MyUsart()
 *fill*         0x0800f8de        0x2 
 .text.Mymain   0x0800f8e0       0x98 CMakeFiles/templateDevelopment.elf.dir/myApplcation/Mymain.cpp.obj
                0x0800f8e0                Mymain
 .text.ReceiveDataCallBack
                0x0800f978       0x4c CMakeFiles/templateDevelopment.elf.dir/myApplcation/seriall_Port.c.obj
                0x0800f978                ReceiveDataCallBack
 .text.arm_cfft_radix8by2_f32
                0x0800f9c4      0x1a0 ../Middlewares/ST/ARM/DSP/Lib/libarm_cortexM4lf_math.a(arm_cfft_f32.o)
                0x0800f9c4                arm_cfft_radix8by2_f32
 .text.arm_cfft_radix8by4_f32
                0x0800fb64      0x4bc ../Middlewares/ST/ARM/DSP/Lib/libarm_cortexM4lf_math.a(arm_cfft_f32.o)
                0x0800fb64                arm_cfft_radix8by4_f32
 .text.arm_cfft_f32
                0x08010020       0xf4 ../Middlewares/ST/ARM/DSP/Lib/libarm_cortexM4lf_math.a(arm_cfft_f32.o)
                0x08010020                arm_cfft_f32
 .text.arm_cmplx_mag_f32
                0x08010114      0x1d0 ../Middlewares/ST/ARM/DSP/Lib/libarm_cortexM4lf_math.a(arm_cmplx_mag_f32.o)
                0x08010114                arm_cmplx_mag_f32
 .text.arm_radix8_butterfly_f32
                0x080102e4      0x5e4 ../Middlewares/ST/ARM/DSP/Lib/libarm_cortexM4lf_math.a(arm_cfft_radix8_f32.o)
                0x080102e4                arm_radix8_butterfly_f32
 .text.__aeabi_atexit
                0x080108c8        0xc d:/programfiles/gnu arm embedded toolchain/10 2021.10/bin/../lib/gcc/arm-none-eabi/10.3.1/../../../../arm-none-eabi/lib/thumb/v7e-m+fp/hard\libstdc++.a(atexit_arm.o)
                0x080108c8                __aeabi_atexit
 .text.__cxa_end_cleanup
                0x080108d4        0xc d:/programfiles/gnu arm embedded toolchain/10 2021.10/bin/../lib/gcc/arm-none-eabi/10.3.1/../../../../arm-none-eabi/lib/thumb/v7e-m+fp/hard\libstdc++.a(eh_arm.o)
                0x080108d4                __cxa_end_cleanup
 .text.__cxa_type_match
                0x080108e0       0xb4 d:/programfiles/gnu arm embedded toolchain/10 2021.10/bin/../lib/gcc/arm-none-eabi/10.3.1/../../../../arm-none-eabi/lib/thumb/v7e-m+fp/hard\libstdc++.a(eh_arm.o)
                0x080108e0                __cxa_type_match
 .text.__cxa_begin_cleanup
                0x08010994       0x64 d:/programfiles/gnu arm embedded toolchain/10 2021.10/bin/../lib/gcc/arm-none-eabi/10.3.1/../../../../arm-none-eabi/lib/thumb/v7e-m+fp/hard\libstdc++.a(eh_arm.o)
                0x08010994                __cxa_begin_cleanup
 .text.__gnu_end_cleanup
                0x080109f8       0x70 d:/programfiles/gnu arm embedded toolchain/10 2021.10/bin/../lib/gcc/arm-none-eabi/10.3.1/../../../../arm-none-eabi/lib/thumb/v7e-m+fp/hard\libstdc++.a(eh_arm.o)
                0x080109f8                __gnu_end_cleanup
 .text._ZNSt13bad_exceptionD2Ev
                0x08010a68        0x4 d:/programfiles/gnu arm embedded toolchain/10 2021.10/bin/../lib/gcc/arm-none-eabi/10.3.1/../../../../arm-none-eabi/lib/thumb/v7e-m+fp/hard\libstdc++.a(eh_exception.o)
                0x08010a68                std::bad_exception::~bad_exception()
                0x08010a68                std::bad_exception::~bad_exception()
 .text._ZNKSt13bad_exception4whatEv
                0x08010a6c        0x8 d:/programfiles/gnu arm embedded toolchain/10 2021.10/bin/../lib/gcc/arm-none-eabi/10.3.1/../../../../arm-none-eabi/lib/thumb/v7e-m+fp/hard\libstdc++.a(eh_exception.o)
                0x08010a6c                std::bad_exception::what() const
                0x08010a6c                transaction clone for std::bad_exception::what() const
 .text._ZNSt13bad_exceptionD0Ev
                0x08010a74       0x10 d:/programfiles/gnu arm embedded toolchain/10 2021.10/bin/../lib/gcc/arm-none-eabi/10.3.1/../../../../arm-none-eabi/lib/thumb/v7e-m+fp/hard\libstdc++.a(eh_exception.o)
                0x08010a74                std::bad_exception::~bad_exception()
 .text.__cxa_get_globals_fast
                0x08010a84        0x8 d:/programfiles/gnu arm embedded toolchain/10 2021.10/bin/../lib/gcc/arm-none-eabi/10.3.1/../../../../arm-none-eabi/lib/thumb/v7e-m+fp/hard\libstdc++.a(eh_globals.o)
                0x08010a84                __cxa_get_globals_fast
 .text.__cxa_get_globals
                0x08010a8c        0x8 d:/programfiles/gnu arm embedded toolchain/10 2021.10/bin/../lib/gcc/arm-none-eabi/10.3.1/../../../../arm-none-eabi/lib/thumb/v7e-m+fp/hard\libstdc++.a(eh_globals.o)
                0x08010a8c                __cxa_get_globals
 .text._ZL28read_encoded_value_with_basehjPKhPj
                0x08010a94       0xc0 d:/programfiles/gnu arm embedded toolchain/10 2021.10/bin/../lib/gcc/arm-none-eabi/10.3.1/../../../../arm-none-eabi/lib/thumb/v7e-m+fp/hard\libstdc++.a(eh_personality.o)
 .text._ZL21base_of_encoded_valuehP15_Unwind_Context
                0x08010b54       0x50 d:/programfiles/gnu arm embedded toolchain/10 2021.10/bin/../lib/gcc/arm-none-eabi/10.3.1/../../../../arm-none-eabi/lib/thumb/v7e-m+fp/hard\libstdc++.a(eh_personality.o)
 .text._ZL17parse_lsda_headerP15_Unwind_ContextPKhP16lsda_header_info
                0x08010ba4       0x94 d:/programfiles/gnu arm embedded toolchain/10 2021.10/bin/../lib/gcc/arm-none-eabi/10.3.1/../../../../arm-none-eabi/lib/thumb/v7e-m+fp/hard\libstdc++.a(eh_personality.o)
 .text.__gxx_personality_v0
                0x08010c38      0x4a8 d:/programfiles/gnu arm embedded toolchain/10 2021.10/bin/../lib/gcc/arm-none-eabi/10.3.1/../../../../arm-none-eabi/lib/thumb/v7e-m+fp/hard\libstdc++.a(eh_personality.o)
                0x08010c38                __gxx_personality_v0
 .text._ZN10__cxxabiv111__terminateEPFvvE
                0x080110e0       0x28 d:/programfiles/gnu arm embedded toolchain/10 2021.10/bin/../lib/gcc/arm-none-eabi/10.3.1/../../../../arm-none-eabi/lib/thumb/v7e-m+fp/hard\libstdc++.a(eh_terminate.o)
                0x080110e0                __cxxabiv1::__terminate(void (*)())
 .text._ZSt9terminatev
                0x08011108       0x14 d:/programfiles/gnu arm embedded toolchain/10 2021.10/bin/../lib/gcc/arm-none-eabi/10.3.1/../../../../arm-none-eabi/lib/thumb/v7e-m+fp/hard\libstdc++.a(eh_terminate.o)
                0x08011108                std::terminate()
 .text._ZN10__cxxabiv112__unexpectedEPFvvE
                0x0801111c        0x8 d:/programfiles/gnu arm embedded toolchain/10 2021.10/bin/../lib/gcc/arm-none-eabi/10.3.1/../../../../arm-none-eabi/lib/thumb/v7e-m+fp/hard\libstdc++.a(eh_terminate.o)
                0x0801111c                __cxxabiv1::__unexpected(void (*)())
 .text._ZSt10unexpectedv
                0x08011124       0x14 d:/programfiles/gnu arm embedded toolchain/10 2021.10/bin/../lib/gcc/arm-none-eabi/10.3.1/../../../../arm-none-eabi/lib/thumb/v7e-m+fp/hard\libstdc++.a(eh_terminate.o)
                0x08011124                std::unexpected()
 .text._ZSt13get_terminatev
                0x08011138       0x10 d:/programfiles/gnu arm embedded toolchain/10 2021.10/bin/../lib/gcc/arm-none-eabi/10.3.1/../../../../arm-none-eabi/lib/thumb/v7e-m+fp/hard\libstdc++.a(eh_terminate.o)
                0x08011138                std::get_terminate()
 .text._ZSt14get_unexpectedv
                0x08011148       0x10 d:/programfiles/gnu arm embedded toolchain/10 2021.10/bin/../lib/gcc/arm-none-eabi/10.3.1/../../../../arm-none-eabi/lib/thumb/v7e-m+fp/hard\libstdc++.a(eh_terminate.o)
                0x08011148                std::get_unexpected()
 .text._ZN10__cxxabiv120__si_class_type_infoD2Ev
                0x08011158       0x14 d:/programfiles/gnu arm embedded toolchain/10 2021.10/bin/../lib/gcc/arm-none-eabi/10.3.1/../../../../arm-none-eabi/lib/thumb/v7e-m+fp/hard\libstdc++.a(si_class_type_info.o)
                0x08011158                __cxxabiv1::__si_class_type_info::~__si_class_type_info()
                0x08011158                __cxxabiv1::__si_class_type_info::~__si_class_type_info()
 .text._ZN10__cxxabiv120__si_class_type_infoD0Ev
                0x0801116c       0x1c d:/programfiles/gnu arm embedded toolchain/10 2021.10/bin/../lib/gcc/arm-none-eabi/10.3.1/../../../../arm-none-eabi/lib/thumb/v7e-m+fp/hard\libstdc++.a(si_class_type_info.o)
                0x0801116c                __cxxabiv1::__si_class_type_info::~__si_class_type_info()
 .text._ZNK10__cxxabiv120__si_class_type_info20__do_find_public_srcEiPKvPKNS_17__class_type_infoES2_
                0x08011188       0x3c d:/programfiles/gnu arm embedded toolchain/10 2021.10/bin/../lib/gcc/arm-none-eabi/10.3.1/../../../../arm-none-eabi/lib/thumb/v7e-m+fp/hard\libstdc++.a(si_class_type_info.o)
                0x08011188                __cxxabiv1::__si_class_type_info::__do_find_public_src(int, void const*, __cxxabiv1::__class_type_info const*, void const*) const
 .text._ZNK10__cxxabiv120__si_class_type_info12__do_dyncastEiNS_17__class_type_info10__sub_kindEPKS1_PKvS4_S6_RNS1_16__dyncast_resultE
                0x080111c4       0x80 d:/programfiles/gnu arm embedded toolchain/10 2021.10/bin/../lib/gcc/arm-none-eabi/10.3.1/../../../../arm-none-eabi/lib/thumb/v7e-m+fp/hard\libstdc++.a(si_class_type_info.o)
                0x080111c4                __cxxabiv1::__si_class_type_info::__do_dyncast(int, __cxxabiv1::__class_type_info::__sub_kind, __cxxabiv1::__class_type_info const*, void const*, __cxxabiv1::__class_type_info const*, void const*, __cxxabiv1::__class_type_info::__dyncast_result&) const
 .text._ZNK10__cxxabiv120__si_class_type_info11__do_upcastEPKNS_17__class_type_infoEPKvRNS1_15__upcast_resultE
                0x08011244       0x2c d:/programfiles/gnu arm embedded toolchain/10 2021.10/bin/../lib/gcc/arm-none-eabi/10.3.1/../../../../arm-none-eabi/lib/thumb/v7e-m+fp/hard\libstdc++.a(si_class_type_info.o)
                0x08011244                __cxxabiv1::__si_class_type_info::__do_upcast(__cxxabiv1::__class_type_info const*, void const*, __cxxabiv1::__class_type_info::__upcast_result&) const
 .text._ZNSt9type_infoD2Ev
                0x08011270        0x4 d:/programfiles/gnu arm embedded toolchain/10 2021.10/bin/../lib/gcc/arm-none-eabi/10.3.1/../../../../arm-none-eabi/lib/thumb/v7e-m+fp/hard\libstdc++.a(tinfo.o)
                0x08011270                std::type_info::~type_info()
                0x08011270                std::type_info::~type_info()
 .text._ZNKSt9type_info14__is_pointer_pEv
                0x08011274        0x4 d:/programfiles/gnu arm embedded toolchain/10 2021.10/bin/../lib/gcc/arm-none-eabi/10.3.1/../../../../arm-none-eabi/lib/thumb/v7e-m+fp/hard\libstdc++.a(tinfo.o)
                0x08011274                std::type_info::__is_pointer_p() const
                0x08011274                std::type_info::__is_function_p() const
 .text._ZNKSt9type_infoeqERKS_
                0x08011278       0x2c d:/programfiles/gnu arm embedded toolchain/10 2021.10/bin/../lib/gcc/arm-none-eabi/10.3.1/../../../../arm-none-eabi/lib/thumb/v7e-m+fp/hard\libstdc++.a(tinfo.o)
                0x08011278                std::type_info::operator==(std::type_info const&) const
 .text._ZN9__gnu_cxx27__verbose_terminate_handlerEv
                0x080112a4      0x10c d:/programfiles/gnu arm embedded toolchain/10 2021.10/bin/../lib/gcc/arm-none-eabi/10.3.1/../../../../arm-none-eabi/lib/thumb/v7e-m+fp/hard\libstdc++.a(vterminate.o)
                0x080112a4                __gnu_cxx::__verbose_terminate_handler()
 .text._ZNK10__cxxabiv117__class_type_info11__do_upcastEPKS0_PPv
                0x080113b0       0x34 d:/programfiles/gnu arm embedded toolchain/10 2021.10/bin/../lib/gcc/arm-none-eabi/10.3.1/../../../../arm-none-eabi/lib/thumb/v7e-m+fp/hard\libstdc++.a(class_type_info.o)
                0x080113b0                __cxxabiv1::__class_type_info::__do_upcast(__cxxabiv1::__class_type_info const*, void**) const
 .text._ZNK10__cxxabiv117__class_type_info20__do_find_public_srcEiPKvPKS0_S2_
                0x080113e4        0xc d:/programfiles/gnu arm embedded toolchain/10 2021.10/bin/../lib/gcc/arm-none-eabi/10.3.1/../../../../arm-none-eabi/lib/thumb/v7e-m+fp/hard\libstdc++.a(class_type_info.o)
                0x080113e4                __cxxabiv1::__class_type_info::__do_find_public_src(int, void const*, __cxxabiv1::__class_type_info const*, void const*) const
 .text._ZN10__cxxabiv117__class_type_infoD2Ev
                0x080113f0       0x14 d:/programfiles/gnu arm embedded toolchain/10 2021.10/bin/../lib/gcc/arm-none-eabi/10.3.1/../../../../arm-none-eabi/lib/thumb/v7e-m+fp/hard\libstdc++.a(class_type_info.o)
                0x080113f0                __cxxabiv1::__class_type_info::~__class_type_info()
                0x080113f0                __cxxabiv1::__class_type_info::~__class_type_info()
 .text._ZN10__cxxabiv117__class_type_infoD0Ev
                0x08011404       0x1c d:/programfiles/gnu arm embedded toolchain/10 2021.10/bin/../lib/gcc/arm-none-eabi/10.3.1/../../../../arm-none-eabi/lib/thumb/v7e-m+fp/hard\libstdc++.a(class_type_info.o)
                0x08011404                __cxxabiv1::__class_type_info::~__class_type_info()
 .text._ZNK10__cxxabiv117__class_type_info12__do_dyncastEiNS0_10__sub_kindEPKS0_PKvS3_S5_RNS0_16__dyncast_resultE
                0x08011420       0x44 d:/programfiles/gnu arm embedded toolchain/10 2021.10/bin/../lib/gcc/arm-none-eabi/10.3.1/../../../../arm-none-eabi/lib/thumb/v7e-m+fp/hard\libstdc++.a(class_type_info.o)
                0x08011420                __cxxabiv1::__class_type_info::__do_dyncast(int, __cxxabiv1::__class_type_info::__sub_kind, __cxxabiv1::__class_type_info const*, void const*, __cxxabiv1::__class_type_info const*, void const*, __cxxabiv1::__class_type_info::__dyncast_result&) const
 .text._ZNK10__cxxabiv117__class_type_info11__do_upcastEPKS0_PKvRNS0_15__upcast_resultE
                0x08011464       0x1c d:/programfiles/gnu arm embedded toolchain/10 2021.10/bin/../lib/gcc/arm-none-eabi/10.3.1/../../../../arm-none-eabi/lib/thumb/v7e-m+fp/hard\libstdc++.a(class_type_info.o)
                0x08011464                __cxxabiv1::__class_type_info::__do_upcast(__cxxabiv1::__class_type_info const*, void const*, __cxxabiv1::__class_type_info::__upcast_result&) const
 .text._ZNK10__cxxabiv117__class_type_info10__do_catchEPKSt9type_infoPPvj
                0x08011480       0x2c d:/programfiles/gnu arm embedded toolchain/10 2021.10/bin/../lib/gcc/arm-none-eabi/10.3.1/../../../../arm-none-eabi/lib/thumb/v7e-m+fp/hard\libstdc++.a(class_type_info.o)
                0x08011480                __cxxabiv1::__class_type_info::__do_catch(std::type_info const*, void**, unsigned int) const
 .text._ZdlPvj  0x080114ac        0x4 d:/programfiles/gnu arm embedded toolchain/10 2021.10/bin/../lib/gcc/arm-none-eabi/10.3.1/../../../../arm-none-eabi/lib/thumb/v7e-m+fp/hard\libstdc++.a(del_ops.o)
                0x080114ac                operator delete(void*, unsigned int)
 .text._ZN10__cxxabiv1L24__is_gxx_exception_classEPc
                0x080114b0       0x3c d:/programfiles/gnu arm embedded toolchain/10 2021.10/bin/../lib/gcc/arm-none-eabi/10.3.1/../../../../arm-none-eabi/lib/thumb/v7e-m+fp/hard\libstdc++.a(eh_call.o)
 .text.__cxa_call_terminate
                0x080114ec       0x20 d:/programfiles/gnu arm embedded toolchain/10 2021.10/bin/../lib/gcc/arm-none-eabi/10.3.1/../../../../arm-none-eabi/lib/thumb/v7e-m+fp/hard\libstdc++.a(eh_call.o)
                0x080114ec                __cxa_call_terminate
 .text.unlikely.__cxa_call_unexpected
                0x0801150c       0xe4 d:/programfiles/gnu arm embedded toolchain/10 2021.10/bin/../lib/gcc/arm-none-eabi/10.3.1/../../../../arm-none-eabi/lib/thumb/v7e-m+fp/hard\libstdc++.a(eh_call.o)
                0x0801150c                __cxa_call_unexpected
 .text.__cxa_begin_catch
                0x080115f0       0x7c d:/programfiles/gnu arm embedded toolchain/10 2021.10/bin/../lib/gcc/arm-none-eabi/10.3.1/../../../../arm-none-eabi/lib/thumb/v7e-m+fp/hard\libstdc++.a(eh_catch.o)
                0x080115f0                __cxa_begin_catch
 .text.__cxa_end_catch
                0x0801166c       0x8c d:/programfiles/gnu arm embedded toolchain/10 2021.10/bin/../lib/gcc/arm-none-eabi/10.3.1/../../../../arm-none-eabi/lib/thumb/v7e-m+fp/hard\libstdc++.a(eh_catch.o)
                0x0801166c                __cxa_end_catch
 .text._ZL23__gxx_exception_cleanup19_Unwind_Reason_CodeP21_Unwind_Control_Block
                0x080116f8       0x4c d:/programfiles/gnu arm embedded toolchain/10 2021.10/bin/../lib/gcc/arm-none-eabi/10.3.1/../../../../arm-none-eabi/lib/thumb/v7e-m+fp/hard\libstdc++.a(eh_throw.o)
 .text.__cxa_init_primary_exception
                0x08011744       0x58 d:/programfiles/gnu arm embedded toolchain/10 2021.10/bin/../lib/gcc/arm-none-eabi/10.3.1/../../../../arm-none-eabi/lib/thumb/v7e-m+fp/hard\libstdc++.a(eh_throw.o)
                0x08011744                __cxa_init_primary_exception
 .text.__cxa_throw
                0x0801179c       0x38 d:/programfiles/gnu arm embedded toolchain/10 2021.10/bin/../lib/gcc/arm-none-eabi/10.3.1/../../../../arm-none-eabi/lib/thumb/v7e-m+fp/hard\libstdc++.a(eh_throw.o)
                0x0801179c                __cxa_throw
 .text.__cxa_rethrow
                0x080117d4       0x70 d:/programfiles/gnu arm embedded toolchain/10 2021.10/bin/../lib/gcc/arm-none-eabi/10.3.1/../../../../arm-none-eabi/lib/thumb/v7e-m+fp/hard\libstdc++.a(eh_throw.o)
                0x080117d4                __cxa_rethrow
 .text.__cxa_current_exception_type
                0x08011844       0x1c d:/programfiles/gnu arm embedded toolchain/10 2021.10/bin/../lib/gcc/arm-none-eabi/10.3.1/../../../../arm-none-eabi/lib/thumb/v7e-m+fp/hard\libstdc++.a(eh_type.o)
                0x08011844                __cxa_current_exception_type
 .text._ZdlPv   0x08011860        0x4 d:/programfiles/gnu arm embedded toolchain/10 2021.10/bin/../lib/gcc/arm-none-eabi/10.3.1/../../../../arm-none-eabi/lib/thumb/v7e-m+fp/hard\libstdc++.a(del_op.o)
                0x08011860                operator delete(void*)
 .text._ZN12_GLOBAL__N_14pool4freeEPv.constprop.0
                0x08011864       0x88 d:/programfiles/gnu arm embedded toolchain/10 2021.10/bin/../lib/gcc/arm-none-eabi/10.3.1/../../../../arm-none-eabi/lib/thumb/v7e-m+fp/hard\libstdc++.a(eh_alloc.o)
 .text._ZN12_GLOBAL__N_14pool8allocateEj.constprop.0
                0x080118ec       0x58 d:/programfiles/gnu arm embedded toolchain/10 2021.10/bin/../lib/gcc/arm-none-eabi/10.3.1/../../../../arm-none-eabi/lib/thumb/v7e-m+fp/hard\libstdc++.a(eh_alloc.o)
 .text.__cxa_allocate_exception
                0x08011944       0x30 d:/programfiles/gnu arm embedded toolchain/10 2021.10/bin/../lib/gcc/arm-none-eabi/10.3.1/../../../../arm-none-eabi/lib/thumb/v7e-m+fp/hard\libstdc++.a(eh_alloc.o)
                0x08011944                __cxa_allocate_exception
 .text.__cxa_free_exception
                0x08011974       0x20 d:/programfiles/gnu arm embedded toolchain/10 2021.10/bin/../lib/gcc/arm-none-eabi/10.3.1/../../../../arm-none-eabi/lib/thumb/v7e-m+fp/hard\libstdc++.a(eh_alloc.o)
                0x08011974                __cxa_free_exception
 .text.startup._GLOBAL__sub_I__ZN9__gnu_cxx9__freeresEv
                0x08011994       0x28 d:/programfiles/gnu arm embedded toolchain/10 2021.10/bin/../lib/gcc/arm-none-eabi/10.3.1/../../../../arm-none-eabi/lib/thumb/v7e-m+fp/hard\libstdc++.a(eh_alloc.o)
 .text.sqrtf    0x080119bc       0x44 d:/programfiles/gnu arm embedded toolchain/10 2021.10/bin/../lib/gcc/arm-none-eabi/10.3.1/../../../../arm-none-eabi/lib/thumb/v7e-m+fp/hard\libm.a(lib_a-wf_sqrt.o)
                0x080119bc                sqrtf
 .text.__ieee754_sqrtf
                0x08011a00        0x8 d:/programfiles/gnu arm embedded toolchain/10 2021.10/bin/../lib/gcc/arm-none-eabi/10.3.1/../../../../arm-none-eabi/lib/thumb/v7e-m+fp/hard\libm.a(lib_a-ef_sqrt.o)
                0x08011a00                __ieee754_sqrtf
 .text.unlikely
                0x08011a08        0xc d:/programfiles/gnu arm embedded toolchain/10 2021.10/bin/../lib/gcc/arm-none-eabi/10.3.1/thumb/v7e-m+fp/hard\libgcc.a(pr-support.o)
                0x08011a08                _Unwind_GetDataRelBase
                0x08011a0e                _Unwind_GetTextRelBase
 .text.abort    0x08011a14       0x10 d:/programfiles/gnu arm embedded toolchain/10 2021.10/bin/../lib/gcc/arm-none-eabi/10.3.1/../../../../arm-none-eabi/lib/thumb/v7e-m+fp/hard\libg.a(lib_a-abort.o)
                0x08011a14                abort
 .text.__cxa_atexit
                0x08011a24        0xc d:/programfiles/gnu arm embedded toolchain/10 2021.10/bin/../lib/gcc/arm-none-eabi/10.3.1/../../../../arm-none-eabi/lib/thumb/v7e-m+fp/hard\libg.a(lib_a-cxa_atexit.o)
                0x08011a24                __cxa_atexit
 .text.__errno  0x08011a30        0xc d:/programfiles/gnu arm embedded toolchain/10 2021.10/bin/../lib/gcc/arm-none-eabi/10.3.1/../../../../arm-none-eabi/lib/thumb/v7e-m+fp/hard\libg.a(lib_a-errno.o)
                0x08011a30                __errno
 .text.fputc    0x08011a3c       0x64 d:/programfiles/gnu arm embedded toolchain/10 2021.10/bin/../lib/gcc/arm-none-eabi/10.3.1/../../../../arm-none-eabi/lib/thumb/v7e-m+fp/hard\libg.a(lib_a-fputc.o)
                0x08011a3c                fputc
 .text._fputs_r
                0x08011aa0       0x88 d:/programfiles/gnu arm embedded toolchain/10 2021.10/bin/../lib/gcc/arm-none-eabi/10.3.1/../../../../arm-none-eabi/lib/thumb/v7e-m+fp/hard\libg.a(lib_a-fputs.o)
                0x08011aa0                _fputs_r
 .text.fputs    0x08011b28       0x18 d:/programfiles/gnu arm embedded toolchain/10 2021.10/bin/../lib/gcc/arm-none-eabi/10.3.1/../../../../arm-none-eabi/lib/thumb/v7e-m+fp/hard\libg.a(lib_a-fputs.o)
                0x08011b28                fputs
 .text.__sfvwrite_r
                0x08011b40      0x2f0 d:/programfiles/gnu arm embedded toolchain/10 2021.10/bin/../lib/gcc/arm-none-eabi/10.3.1/../../../../arm-none-eabi/lib/thumb/v7e-m+fp/hard\libg.a(lib_a-fvwrite.o)
                0x08011b40                __sfvwrite_r
 .text._fwrite_r
                0x08011e30       0xa8 d:/programfiles/gnu arm embedded toolchain/10 2021.10/bin/../lib/gcc/arm-none-eabi/10.3.1/../../../../arm-none-eabi/lib/thumb/v7e-m+fp/hard\libg.a(lib_a-fwrite.o)
                0x08011e30                _fwrite_r
 .text.fwrite   0x08011ed8       0x20 d:/programfiles/gnu arm embedded toolchain/10 2021.10/bin/../lib/gcc/arm-none-eabi/10.3.1/../../../../arm-none-eabi/lib/thumb/v7e-m+fp/hard\libg.a(lib_a-fwrite.o)
                0x08011ed8                fwrite
 .text.__libc_init_array
                0x08011ef8       0x48 d:/programfiles/gnu arm embedded toolchain/10 2021.10/bin/../lib/gcc/arm-none-eabi/10.3.1/../../../../arm-none-eabi/lib/thumb/v7e-m+fp/hard\libg.a(lib_a-init.o)
                0x08011ef8                __libc_init_array
 .text.__retarget_lock_init_recursive
                0x08011f40        0x4 d:/programfiles/gnu arm embedded toolchain/10 2021.10/bin/../lib/gcc/arm-none-eabi/10.3.1/../../../../arm-none-eabi/lib/thumb/v7e-m+fp/hard\libg.a(lib_a-lock.o)
                0x08011f40                __retarget_lock_init_recursive
 .text.__retarget_lock_close_recursive
                0x08011f44        0x4 d:/programfiles/gnu arm embedded toolchain/10 2021.10/bin/../lib/gcc/arm-none-eabi/10.3.1/../../../../arm-none-eabi/lib/thumb/v7e-m+fp/hard\libg.a(lib_a-lock.o)
                0x08011f44                __retarget_lock_close_recursive
 .text.__retarget_lock_acquire_recursive
                0x08011f48        0x4 d:/programfiles/gnu arm embedded toolchain/10 2021.10/bin/../lib/gcc/arm-none-eabi/10.3.1/../../../../arm-none-eabi/lib/thumb/v7e-m+fp/hard\libg.a(lib_a-lock.o)
                0x08011f48                __retarget_lock_acquire_recursive
 .text.__retarget_lock_release_recursive
                0x08011f4c        0x4 d:/programfiles/gnu arm embedded toolchain/10 2021.10/bin/../lib/gcc/arm-none-eabi/10.3.1/../../../../arm-none-eabi/lib/thumb/v7e-m+fp/hard\libg.a(lib_a-lock.o)
                0x08011f4c                __retarget_lock_release_recursive
 .text.malloc   0x08011f50       0x10 d:/programfiles/gnu arm embedded toolchain/10 2021.10/bin/../lib/gcc/arm-none-eabi/10.3.1/../../../../arm-none-eabi/lib/thumb/v7e-m+fp/hard\libg.a(lib_a-malloc.o)
                0x08011f50                malloc
 .text.free     0x08011f60       0x10 d:/programfiles/gnu arm embedded toolchain/10 2021.10/bin/../lib/gcc/arm-none-eabi/10.3.1/../../../../arm-none-eabi/lib/thumb/v7e-m+fp/hard\libg.a(lib_a-malloc.o)
                0x08011f60                free
 .text._malloc_r
                0x08011f70      0x560 d:/programfiles/gnu arm embedded toolchain/10 2021.10/bin/../lib/gcc/arm-none-eabi/10.3.1/../../../../arm-none-eabi/lib/thumb/v7e-m+fp/hard\libg.a(lib_a-mallocr.o)
                0x08011f70                _malloc_r
 .text.memcmp   0x080124d0       0x64 d:/programfiles/gnu arm embedded toolchain/10 2021.10/bin/../lib/gcc/arm-none-eabi/10.3.1/../../../../arm-none-eabi/lib/thumb/v7e-m+fp/hard\libg.a(lib_a-memcmp.o)
                0x080124d0                memcmp
 .text.memmove  0x08012534       0xf8 d:/programfiles/gnu arm embedded toolchain/10 2021.10/bin/../lib/gcc/arm-none-eabi/10.3.1/../../../../arm-none-eabi/lib/thumb/v7e-m+fp/hard\libg.a(lib_a-memmove.o)
                0x08012534                memmove
 .text.memset   0x0801262c       0xa4 d:/programfiles/gnu arm embedded toolchain/10 2021.10/bin/../lib/gcc/arm-none-eabi/10.3.1/../../../../arm-none-eabi/lib/thumb/v7e-m+fp/hard\libg.a(lib_a-memset.o)
                0x0801262c                memset
 .text.__malloc_lock
                0x080126d0        0xc d:/programfiles/gnu arm embedded toolchain/10 2021.10/bin/../lib/gcc/arm-none-eabi/10.3.1/../../../../arm-none-eabi/lib/thumb/v7e-m+fp/hard\libg.a(lib_a-mlock.o)
                0x080126d0                __malloc_lock
 .text.__malloc_unlock
                0x080126dc        0xc d:/programfiles/gnu arm embedded toolchain/10 2021.10/bin/../lib/gcc/arm-none-eabi/10.3.1/../../../../arm-none-eabi/lib/thumb/v7e-m+fp/hard\libg.a(lib_a-mlock.o)
                0x080126dc                __malloc_unlock
 .text._putc_r  0x080126e8       0x74 d:/programfiles/gnu arm embedded toolchain/10 2021.10/bin/../lib/gcc/arm-none-eabi/10.3.1/../../../../arm-none-eabi/lib/thumb/v7e-m+fp/hard\libg.a(lib_a-putc.o)
                0x080126e8                _putc_r
 .text.realloc  0x0801275c       0x18 d:/programfiles/gnu arm embedded toolchain/10 2021.10/bin/../lib/gcc/arm-none-eabi/10.3.1/../../../../arm-none-eabi/lib/thumb/v7e-m+fp/hard\libg.a(lib_a-realloc.o)
                0x0801275c                realloc
 .text._realloc_r
                0x08012774      0x3d8 d:/programfiles/gnu arm embedded toolchain/10 2021.10/bin/../lib/gcc/arm-none-eabi/10.3.1/../../../../arm-none-eabi/lib/thumb/v7e-m+fp/hard\libg.a(lib_a-reallocr.o)
                0x08012774                _realloc_r
 .text._sbrk_r  0x08012b4c       0x24 d:/programfiles/gnu arm embedded toolchain/10 2021.10/bin/../lib/gcc/arm-none-eabi/10.3.1/../../../../arm-none-eabi/lib/thumb/v7e-m+fp/hard\libg.a(lib_a-sbrkr.o)
                0x08012b4c                _sbrk_r
 .text.raise    0x08012b70       0x5c d:/programfiles/gnu arm embedded toolchain/10 2021.10/bin/../lib/gcc/arm-none-eabi/10.3.1/../../../../arm-none-eabi/lib/thumb/v7e-m+fp/hard\libg.a(lib_a-signal.o)
                0x08012b70                raise
 .text._kill_r  0x08012bcc       0x2c d:/programfiles/gnu arm embedded toolchain/10 2021.10/bin/../lib/gcc/arm-none-eabi/10.3.1/../../../../arm-none-eabi/lib/thumb/v7e-m+fp/hard\libg.a(lib_a-signalr.o)
                0x08012bcc                _kill_r
 .text._getpid_r
                0x08012bf8        0x4 d:/programfiles/gnu arm embedded toolchain/10 2021.10/bin/../lib/gcc/arm-none-eabi/10.3.1/../../../../arm-none-eabi/lib/thumb/v7e-m+fp/hard\libg.a(lib_a-signalr.o)
                0x08012bf8                _getpid_r
 .text.sprintf  0x08012bfc       0x40 d:/programfiles/gnu arm embedded toolchain/10 2021.10/bin/../lib/gcc/arm-none-eabi/10.3.1/../../../../arm-none-eabi/lib/thumb/v7e-m+fp/hard\libg.a(lib_a-sprintf.o)
                0x08012bfc                sprintf
 .text.strncmp  0x08012c3c       0x80 d:/programfiles/gnu arm embedded toolchain/10 2021.10/bin/../lib/gcc/arm-none-eabi/10.3.1/../../../../arm-none-eabi/lib/thumb/v7e-m+fp/hard\libg.a(lib_a-strncmp.o)
                0x08012c3c                strncmp
 *fill*         0x08012cbc        0x4 
 .text._svfprintf_r
                0x08012cc0     0x1acc d:/programfiles/gnu arm embedded toolchain/10 2021.10/bin/../lib/gcc/arm-none-eabi/10.3.1/../../../../arm-none-eabi/lib/thumb/v7e-m+fp/hard\libg.a(lib_a-svfprintf.o)
                0x08012cc0                _svfprintf_r
 .text.__swbuf_r
                0x0801478c       0xb0 d:/programfiles/gnu arm embedded toolchain/10 2021.10/bin/../lib/gcc/arm-none-eabi/10.3.1/../../../../arm-none-eabi/lib/thumb/v7e-m+fp/hard\libg.a(lib_a-wbuf.o)
                0x0801478c                __swbuf_r
 .text._write_r
                0x0801483c       0x2c d:/programfiles/gnu arm embedded toolchain/10 2021.10/bin/../lib/gcc/arm-none-eabi/10.3.1/../../../../arm-none-eabi/lib/thumb/v7e-m+fp/hard\libg.a(lib_a-writer.o)
                0x0801483c                _write_r
 .text.__swsetup_r
                0x08014868       0xd4 d:/programfiles/gnu arm embedded toolchain/10 2021.10/bin/../lib/gcc/arm-none-eabi/10.3.1/../../../../arm-none-eabi/lib/thumb/v7e-m+fp/hard\libg.a(lib_a-wsetup.o)
                0x08014868                __swsetup_r
 .text.__register_exitproc
                0x0801493c       0x8c d:/programfiles/gnu arm embedded toolchain/10 2021.10/bin/../lib/gcc/arm-none-eabi/10.3.1/../../../../arm-none-eabi/lib/thumb/v7e-m+fp/hard\libg.a(lib_a-__atexit.o)
                0x0801493c                __register_exitproc
 .text.startup.register_fini
                0x080149c8       0x14 d:/programfiles/gnu arm embedded toolchain/10 2021.10/bin/../lib/gcc/arm-none-eabi/10.3.1/../../../../arm-none-eabi/lib/thumb/v7e-m+fp/hard\libg.a(lib_a-__call_atexit.o)
 .text.atexit   0x080149dc        0xc d:/programfiles/gnu arm embedded toolchain/10 2021.10/bin/../lib/gcc/arm-none-eabi/10.3.1/../../../../arm-none-eabi/lib/thumb/v7e-m+fp/hard\libg.a(lib_a-atexit.o)
                0x080149dc                atexit
 .text.quorem   0x080149e8      0x128 d:/programfiles/gnu arm embedded toolchain/10 2021.10/bin/../lib/gcc/arm-none-eabi/10.3.1/../../../../arm-none-eabi/lib/thumb/v7e-m+fp/hard\libg.a(lib_a-dtoa.o)
 .text._dtoa_r  0x08014b10      0xf3c d:/programfiles/gnu arm embedded toolchain/10 2021.10/bin/../lib/gcc/arm-none-eabi/10.3.1/../../../../arm-none-eabi/lib/thumb/v7e-m+fp/hard\libg.a(lib_a-dtoa.o)
                0x08014b10                _dtoa_r
 .text.__sflush_r
                0x08015a4c      0x130 d:/programfiles/gnu arm embedded toolchain/10 2021.10/bin/../lib/gcc/arm-none-eabi/10.3.1/../../../../arm-none-eabi/lib/thumb/v7e-m+fp/hard\libg.a(lib_a-fflush.o)
                0x08015a4c                __sflush_r
 .text._fflush_r
                0x08015b7c       0x5c d:/programfiles/gnu arm embedded toolchain/10 2021.10/bin/../lib/gcc/arm-none-eabi/10.3.1/../../../../arm-none-eabi/lib/thumb/v7e-m+fp/hard\libg.a(lib_a-fflush.o)
                0x08015b7c                _fflush_r
 .text._cleanup_r
                0x08015bd8        0xc d:/programfiles/gnu arm embedded toolchain/10 2021.10/bin/../lib/gcc/arm-none-eabi/10.3.1/../../../../arm-none-eabi/lib/thumb/v7e-m+fp/hard\libg.a(lib_a-findfp.o)
                0x08015bd8                _cleanup_r
 .text.__sinit  0x08015be4      0x10c d:/programfiles/gnu arm embedded toolchain/10 2021.10/bin/../lib/gcc/arm-none-eabi/10.3.1/../../../../arm-none-eabi/lib/thumb/v7e-m+fp/hard\libg.a(lib_a-findfp.o)
                0x08015be4                __sinit
 .text.__sfp_lock_acquire
                0x08015cf0        0xc d:/programfiles/gnu arm embedded toolchain/10 2021.10/bin/../lib/gcc/arm-none-eabi/10.3.1/../../../../arm-none-eabi/lib/thumb/v7e-m+fp/hard\libg.a(lib_a-findfp.o)
                0x08015cf0                __sfp_lock_acquire
 .text.__sfp_lock_release
                0x08015cfc        0xc d:/programfiles/gnu arm embedded toolchain/10 2021.10/bin/../lib/gcc/arm-none-eabi/10.3.1/../../../../arm-none-eabi/lib/thumb/v7e-m+fp/hard\libg.a(lib_a-findfp.o)
                0x08015cfc                __sfp_lock_release
 .text.__libc_fini_array
                0x08015d08       0x2c d:/programfiles/gnu arm embedded toolchain/10 2021.10/bin/../lib/gcc/arm-none-eabi/10.3.1/../../../../arm-none-eabi/lib/thumb/v7e-m+fp/hard\libg.a(lib_a-fini.o)
                0x08015d08                __libc_fini_array
 .text._malloc_trim_r
                0x08015d34       0xa0 d:/programfiles/gnu arm embedded toolchain/10 2021.10/bin/../lib/gcc/arm-none-eabi/10.3.1/../../../../arm-none-eabi/lib/thumb/v7e-m+fp/hard\libg.a(lib_a-freer.o)
                0x08015d34                _malloc_trim_r
 .text._free_r  0x08015dd4      0x20c d:/programfiles/gnu arm embedded toolchain/10 2021.10/bin/../lib/gcc/arm-none-eabi/10.3.1/../../../../arm-none-eabi/lib/thumb/v7e-m+fp/hard\libg.a(lib_a-freer.o)
                0x08015dd4                _free_r
 .text._fwalk_reent
                0x08015fe0       0x48 d:/programfiles/gnu arm embedded toolchain/10 2021.10/bin/../lib/gcc/arm-none-eabi/10.3.1/../../../../arm-none-eabi/lib/thumb/v7e-m+fp/hard\libg.a(lib_a-fwalk.o)
                0x08015fe0                _fwalk_reent
 .text._localeconv_r
                0x08016028        0x8 d:/programfiles/gnu arm embedded toolchain/10 2021.10/bin/../lib/gcc/arm-none-eabi/10.3.1/../../../../arm-none-eabi/lib/thumb/v7e-m+fp/hard\libg.a(lib_a-localeconv.o)
                0x08016028                _localeconv_r
 .text.__smakebuf_r
                0x08016030       0xe0 d:/programfiles/gnu arm embedded toolchain/10 2021.10/bin/../lib/gcc/arm-none-eabi/10.3.1/../../../../arm-none-eabi/lib/thumb/v7e-m+fp/hard\libg.a(lib_a-makebuf.o)
                0x08016030                __smakebuf_r
 .text._Balloc  0x08016110       0x4c d:/programfiles/gnu arm embedded toolchain/10 2021.10/bin/../lib/gcc/arm-none-eabi/10.3.1/../../../../arm-none-eabi/lib/thumb/v7e-m+fp/hard\libg.a(lib_a-mprec.o)
                0x08016110                _Balloc
 .text._Bfree   0x0801615c       0x14 d:/programfiles/gnu arm embedded toolchain/10 2021.10/bin/../lib/gcc/arm-none-eabi/10.3.1/../../../../arm-none-eabi/lib/thumb/v7e-m+fp/hard\libg.a(lib_a-mprec.o)
                0x0801615c                _Bfree
 .text.__multadd
                0x08016170       0xa8 d:/programfiles/gnu arm embedded toolchain/10 2021.10/bin/../lib/gcc/arm-none-eabi/10.3.1/../../../../arm-none-eabi/lib/thumb/v7e-m+fp/hard\libg.a(lib_a-mprec.o)
                0x08016170                __multadd
 .text.__hi0bits
                0x08016218       0x40 d:/programfiles/gnu arm embedded toolchain/10 2021.10/bin/../lib/gcc/arm-none-eabi/10.3.1/../../../../arm-none-eabi/lib/thumb/v7e-m+fp/hard\libg.a(lib_a-mprec.o)
                0x08016218                __hi0bits
 .text.__lo0bits
                0x08016258       0x60 d:/programfiles/gnu arm embedded toolchain/10 2021.10/bin/../lib/gcc/arm-none-eabi/10.3.1/../../../../arm-none-eabi/lib/thumb/v7e-m+fp/hard\libg.a(lib_a-mprec.o)
                0x08016258                __lo0bits
 .text.__i2b    0x080162b8       0x5c d:/programfiles/gnu arm embedded toolchain/10 2021.10/bin/../lib/gcc/arm-none-eabi/10.3.1/../../../../arm-none-eabi/lib/thumb/v7e-m+fp/hard\libg.a(lib_a-mprec.o)
                0x080162b8                __i2b
 .text.__multiply
                0x08016314      0x15c d:/programfiles/gnu arm embedded toolchain/10 2021.10/bin/../lib/gcc/arm-none-eabi/10.3.1/../../../../arm-none-eabi/lib/thumb/v7e-m+fp/hard\libg.a(lib_a-mprec.o)
                0x08016314                __multiply
 .text.__pow5mult
                0x08016470       0xc0 d:/programfiles/gnu arm embedded toolchain/10 2021.10/bin/../lib/gcc/arm-none-eabi/10.3.1/../../../../arm-none-eabi/lib/thumb/v7e-m+fp/hard\libg.a(lib_a-mprec.o)
                0x08016470                __pow5mult
 .text.__lshift
                0x08016530       0xf0 d:/programfiles/gnu arm embedded toolchain/10 2021.10/bin/../lib/gcc/arm-none-eabi/10.3.1/../../../../arm-none-eabi/lib/thumb/v7e-m+fp/hard\libg.a(lib_a-mprec.o)
                0x08016530                __lshift